[01-May-2025 03:25:49 Asia/Tehran] PHP Fatal error:  Cannot redeclare redirect() (previously declared in C:\xampp\htdocs\hesabpars\includes\init.php:38) in C:\xampp\htdocs\hesabpars\includes\config.php on line 57
[01-May-2025 03:25:51 Asia/Tehran] PHP Fatal error:  Cannot redeclare redirect() (previously declared in C:\xampp\htdocs\hesabpars\includes\init.php:38) in C:\xampp\htdocs\hesabpars\includes\config.php on line 57
[01-May-2025 03:27:20 Asia/Tehran] PHP Fatal error:  Cannot redeclare redirect() (previously declared in C:\xampp\htdocs\hesabpars\includes\init.php:52) in C:\xampp\htdocs\hesabpars\includes\config.php on line 57
[01-May-2025 03:27:46 Asia/Tehran] PHP Fatal error:  Cannot redeclare redirect() (previously declared in C:\xampp\htdocs\hesabpars\includes\init.php:63) in C:\xampp\htdocs\hesabpars\includes\config.php on line 57
[01-May-2025 03:29:00 Asia/Tehran] PHP Fatal error:  Cannot redeclare url() (previously declared in C:\xampp\htdocs\hesabpars\includes\init.php:59) in C:\xampp\htdocs\hesabpars\includes\config.php on line 61
[01-May-2025 03:29:10 Asia/Tehran] Error [2] Constant BASE_URL already defined on line 11 in file C:\xampp\htdocs\hesabpars\includes\config.php
[01-May-2025 03:29:10 Asia/Tehran] PHP Warning:  Constant BASE_URL already defined in C:\xampp\htdocs\hesabpars\includes\config.php on line 11
[01-May-2025 03:29:10 Asia/Tehran] Error [2] Constant BASE_PATH already defined on line 15 in file C:\xampp\htdocs\hesabpars\includes\config.php
[01-May-2025 03:29:10 Asia/Tehran] PHP Warning:  Constant BASE_PATH already defined in C:\xampp\htdocs\hesabpars\includes\config.php on line 15
[01-May-2025 03:29:17 Asia/Tehran] PHP Fatal error:  Cannot redeclare redirect() (previously declared in C:\xampp\htdocs\hesabpars\includes\init.php:63) in C:\xampp\htdocs\hesabpars\includes\config.php on line 57
[01-May-2025 03:29:32 Asia/Tehran] PHP Fatal error:  Cannot redeclare redirect() (previously declared in C:\xampp\htdocs\hesabpars\includes\init.php:40) in C:\xampp\htdocs\hesabpars\includes\config.php on line 57
[01-May-2025 03:31:27 Asia/Tehran] PHP Fatal error:  Cannot redeclare redirect() (previously declared in C:\xampp\htdocs\hesabpars\includes\init.php:63) in C:\xampp\htdocs\hesabpars\includes\config.php on line 57
[01-May-2025 03:40:30 Asia/Tehran] PHP Fatal error:  Cannot redeclare redirect() (previously declared in C:\xampp\htdocs\hesabpars\includes\init.php:63) in C:\xampp\htdocs\hesabpars\includes\config.php on line 49
[01-May-2025 03:41:48 Asia/Tehran] Error [2] include_once(../../includes/sidebar.php): Failed to open stream: No such file or directory on line 88 in file C:\xampp\htdocs\hesabpars\pages\add-product.php
[01-May-2025 03:41:48 Asia/Tehran] PHP Warning:  include_once(../../includes/sidebar.php): Failed to open stream: No such file or directory in C:\xampp\htdocs\hesabpars\pages\add-product.php on line 88
[01-May-2025 03:41:48 Asia/Tehran] Error [2] include_once(): Failed opening '../../includes/sidebar.php' for inclusion (include_path='C:\xampp\php\PEAR') on line 88 in file C:\xampp\htdocs\hesabpars\pages\add-product.php
[01-May-2025 03:41:48 Asia/Tehran] PHP Warning:  include_once(): Failed opening '../../includes/sidebar.php' for inclusion (include_path='C:\xampp\php\PEAR') in C:\xampp\htdocs\hesabpars\pages\add-product.php on line 88
[01-May-2025 03:41:48 Asia/Tehran] Error [2] include_once(../../includes/navbar.php): Failed to open stream: No such file or directory on line 93 in file C:\xampp\htdocs\hesabpars\pages\add-product.php
[01-May-2025 03:41:48 Asia/Tehran] PHP Warning:  include_once(../../includes/navbar.php): Failed to open stream: No such file or directory in C:\xampp\htdocs\hesabpars\pages\add-product.php on line 93
[01-May-2025 03:41:48 Asia/Tehran] Error [2] include_once(): Failed opening '../../includes/navbar.php' for inclusion (include_path='C:\xampp\php\PEAR') on line 93 in file C:\xampp\htdocs\hesabpars\pages\add-product.php
[01-May-2025 03:41:48 Asia/Tehran] PHP Warning:  include_once(): Failed opening '../../includes/navbar.php' for inclusion (include_path='C:\xampp\php\PEAR') in C:\xampp\htdocs\hesabpars\pages\add-product.php on line 93
[01-May-2025 03:41:48 Asia/Tehran] Error [2] Undefined variable $units on line 188 in file C:\xampp\htdocs\hesabpars\pages\add-product.php
[01-May-2025 03:41:48 Asia/Tehran] PHP Warning:  Undefined variable $units in C:\xampp\htdocs\hesabpars\pages\add-product.php on line 188
[01-May-2025 03:41:48 Asia/Tehran] Error [2] foreach() argument must be of type array|object, null given on line 188 in file C:\xampp\htdocs\hesabpars\pages\add-product.php
[01-May-2025 03:41:48 Asia/Tehran] PHP Warning:  foreach() argument must be of type array|object, null given in C:\xampp\htdocs\hesabpars\pages\add-product.php on line 188
[01-May-2025 03:41:48 Asia/Tehran] Error [2] Undefined variable $defaultValues on line 249 in file C:\xampp\htdocs\hesabpars\pages\add-product.php
[01-May-2025 03:41:48 Asia/Tehran] PHP Warning:  Undefined variable $defaultValues in C:\xampp\htdocs\hesabpars\pages\add-product.php on line 249
[01-May-2025 03:41:48 Asia/Tehran] Error [2] Trying to access array offset on value of type null on line 249 in file C:\xampp\htdocs\hesabpars\pages\add-product.php
[01-May-2025 03:41:48 Asia/Tehran] PHP Warning:  Trying to access array offset on value of type null in C:\xampp\htdocs\hesabpars\pages\add-product.php on line 249
[01-May-2025 03:41:48 Asia/Tehran] Error [2] Undefined variable $defaultValues on line 250 in file C:\xampp\htdocs\hesabpars\pages\add-product.php
[01-May-2025 03:41:48 Asia/Tehran] PHP Warning:  Undefined variable $defaultValues in C:\xampp\htdocs\hesabpars\pages\add-product.php on line 250
[01-May-2025 03:41:48 Asia/Tehran] Error [2] Trying to access array offset on value of type null on line 250 in file C:\xampp\htdocs\hesabpars\pages\add-product.php
[01-May-2025 03:41:48 Asia/Tehran] PHP Warning:  Trying to access array offset on value of type null in C:\xampp\htdocs\hesabpars\pages\add-product.php on line 250
[01-May-2025 03:41:48 Asia/Tehran] Error [2] Undefined variable $defaultValues on line 268 in file C:\xampp\htdocs\hesabpars\pages\add-product.php
[01-May-2025 03:41:48 Asia/Tehran] PHP Warning:  Undefined variable $defaultValues in C:\xampp\htdocs\hesabpars\pages\add-product.php on line 268
[01-May-2025 03:41:48 Asia/Tehran] Error [2] Trying to access array offset on value of type null on line 268 in file C:\xampp\htdocs\hesabpars\pages\add-product.php
[01-May-2025 03:41:48 Asia/Tehran] PHP Warning:  Trying to access array offset on value of type null in C:\xampp\htdocs\hesabpars\pages\add-product.php on line 268
[01-May-2025 03:41:48 Asia/Tehran] Error [2] Undefined variable $defaultValues on line 274 in file C:\xampp\htdocs\hesabpars\pages\add-product.php
[01-May-2025 03:41:48 Asia/Tehran] PHP Warning:  Undefined variable $defaultValues in C:\xampp\htdocs\hesabpars\pages\add-product.php on line 274
[01-May-2025 03:41:48 Asia/Tehran] Error [2] Trying to access array offset on value of type null on line 274 in file C:\xampp\htdocs\hesabpars\pages\add-product.php
[01-May-2025 03:41:48 Asia/Tehran] PHP Warning:  Trying to access array offset on value of type null in C:\xampp\htdocs\hesabpars\pages\add-product.php on line 274
[01-May-2025 03:41:48 Asia/Tehran] Error [2] Undefined variable $defaultValues on line 323 in file C:\xampp\htdocs\hesabpars\pages\add-product.php
[01-May-2025 03:41:48 Asia/Tehran] PHP Warning:  Undefined variable $defaultValues in C:\xampp\htdocs\hesabpars\pages\add-product.php on line 323
[01-May-2025 03:41:48 Asia/Tehran] Error [2] Trying to access array offset on value of type null on line 323 in file C:\xampp\htdocs\hesabpars\pages\add-product.php
[01-May-2025 03:41:48 Asia/Tehran] PHP Warning:  Trying to access array offset on value of type null in C:\xampp\htdocs\hesabpars\pages\add-product.php on line 323
[01-May-2025 03:41:48 Asia/Tehran] Error [2] Undefined variable $defaultValues on line 324 in file C:\xampp\htdocs\hesabpars\pages\add-product.php
[01-May-2025 03:41:48 Asia/Tehran] PHP Warning:  Undefined variable $defaultValues in C:\xampp\htdocs\hesabpars\pages\add-product.php on line 324
[01-May-2025 03:41:48 Asia/Tehran] Error [2] Trying to access array offset on value of type null on line 324 in file C:\xampp\htdocs\hesabpars\pages\add-product.php
[01-May-2025 03:41:48 Asia/Tehran] PHP Warning:  Trying to access array offset on value of type null in C:\xampp\htdocs\hesabpars\pages\add-product.php on line 324
[01-May-2025 03:41:48 Asia/Tehran] Error [2] Undefined variable $defaultValues on line 325 in file C:\xampp\htdocs\hesabpars\pages\add-product.php
[01-May-2025 03:41:48 Asia/Tehran] PHP Warning:  Undefined variable $defaultValues in C:\xampp\htdocs\hesabpars\pages\add-product.php on line 325
[01-May-2025 03:41:48 Asia/Tehran] Error [2] Trying to access array offset on value of type null on line 325 in file C:\xampp\htdocs\hesabpars\pages\add-product.php
[01-May-2025 03:41:48 Asia/Tehran] PHP Warning:  Trying to access array offset on value of type null in C:\xampp\htdocs\hesabpars\pages\add-product.php on line 325
[01-May-2025 03:44:01 Asia/Tehran] Error [2] include_once(../../includes/sidebar.php): Failed to open stream: No such file or directory on line 88 in file C:\xampp\htdocs\hesabpars\pages\add-product.php
[01-May-2025 03:44:01 Asia/Tehran] PHP Warning:  include_once(../../includes/sidebar.php): Failed to open stream: No such file or directory in C:\xampp\htdocs\hesabpars\pages\add-product.php on line 88
[01-May-2025 03:44:01 Asia/Tehran] Error [2] include_once(): Failed opening '../../includes/sidebar.php' for inclusion (include_path='C:\xampp\php\PEAR') on line 88 in file C:\xampp\htdocs\hesabpars\pages\add-product.php
[01-May-2025 03:44:01 Asia/Tehran] PHP Warning:  include_once(): Failed opening '../../includes/sidebar.php' for inclusion (include_path='C:\xampp\php\PEAR') in C:\xampp\htdocs\hesabpars\pages\add-product.php on line 88
[01-May-2025 03:44:01 Asia/Tehran] Error [2] include_once(../../includes/navbar.php): Failed to open stream: No such file or directory on line 93 in file C:\xampp\htdocs\hesabpars\pages\add-product.php
[01-May-2025 03:44:01 Asia/Tehran] PHP Warning:  include_once(../../includes/navbar.php): Failed to open stream: No such file or directory in C:\xampp\htdocs\hesabpars\pages\add-product.php on line 93
[01-May-2025 03:44:01 Asia/Tehran] Error [2] include_once(): Failed opening '../../includes/navbar.php' for inclusion (include_path='C:\xampp\php\PEAR') on line 93 in file C:\xampp\htdocs\hesabpars\pages\add-product.php
[01-May-2025 03:44:01 Asia/Tehran] PHP Warning:  include_once(): Failed opening '../../includes/navbar.php' for inclusion (include_path='C:\xampp\php\PEAR') in C:\xampp\htdocs\hesabpars\pages\add-product.php on line 93
[01-May-2025 03:44:01 Asia/Tehran] Error [2] Undefined variable $units on line 188 in file C:\xampp\htdocs\hesabpars\pages\add-product.php
[01-May-2025 03:44:01 Asia/Tehran] PHP Warning:  Undefined variable $units in C:\xampp\htdocs\hesabpars\pages\add-product.php on line 188
[01-May-2025 03:44:01 Asia/Tehran] Error [2] foreach() argument must be of type array|object, null given on line 188 in file C:\xampp\htdocs\hesabpars\pages\add-product.php
[01-May-2025 03:44:01 Asia/Tehran] PHP Warning:  foreach() argument must be of type array|object, null given in C:\xampp\htdocs\hesabpars\pages\add-product.php on line 188
[01-May-2025 03:44:01 Asia/Tehran] Error [2] Undefined variable $defaultValues on line 249 in file C:\xampp\htdocs\hesabpars\pages\add-product.php
[01-May-2025 03:44:01 Asia/Tehran] PHP Warning:  Undefined variable $defaultValues in C:\xampp\htdocs\hesabpars\pages\add-product.php on line 249
[01-May-2025 03:44:01 Asia/Tehran] Error [2] Trying to access array offset on value of type null on line 249 in file C:\xampp\htdocs\hesabpars\pages\add-product.php
[01-May-2025 03:44:01 Asia/Tehran] PHP Warning:  Trying to access array offset on value of type null in C:\xampp\htdocs\hesabpars\pages\add-product.php on line 249
[01-May-2025 03:44:01 Asia/Tehran] Error [2] Undefined variable $defaultValues on line 250 in file C:\xampp\htdocs\hesabpars\pages\add-product.php
[01-May-2025 03:44:01 Asia/Tehran] PHP Warning:  Undefined variable $defaultValues in C:\xampp\htdocs\hesabpars\pages\add-product.php on line 250
[01-May-2025 03:44:01 Asia/Tehran] Error [2] Trying to access array offset on value of type null on line 250 in file C:\xampp\htdocs\hesabpars\pages\add-product.php
[01-May-2025 03:44:01 Asia/Tehran] PHP Warning:  Trying to access array offset on value of type null in C:\xampp\htdocs\hesabpars\pages\add-product.php on line 250
[01-May-2025 03:44:01 Asia/Tehran] Error [2] Undefined variable $defaultValues on line 268 in file C:\xampp\htdocs\hesabpars\pages\add-product.php
[01-May-2025 03:44:01 Asia/Tehran] PHP Warning:  Undefined variable $defaultValues in C:\xampp\htdocs\hesabpars\pages\add-product.php on line 268
[01-May-2025 03:44:01 Asia/Tehran] Error [2] Trying to access array offset on value of type null on line 268 in file C:\xampp\htdocs\hesabpars\pages\add-product.php
[01-May-2025 03:44:01 Asia/Tehran] PHP Warning:  Trying to access array offset on value of type null in C:\xampp\htdocs\hesabpars\pages\add-product.php on line 268
[01-May-2025 03:44:01 Asia/Tehran] Error [2] Undefined variable $defaultValues on line 274 in file C:\xampp\htdocs\hesabpars\pages\add-product.php
[01-May-2025 03:44:01 Asia/Tehran] PHP Warning:  Undefined variable $defaultValues in C:\xampp\htdocs\hesabpars\pages\add-product.php on line 274
[01-May-2025 03:44:01 Asia/Tehran] Error [2] Trying to access array offset on value of type null on line 274 in file C:\xampp\htdocs\hesabpars\pages\add-product.php
[01-May-2025 03:44:01 Asia/Tehran] PHP Warning:  Trying to access array offset on value of type null in C:\xampp\htdocs\hesabpars\pages\add-product.php on line 274
[01-May-2025 03:44:01 Asia/Tehran] Error [2] Undefined variable $defaultValues on line 323 in file C:\xampp\htdocs\hesabpars\pages\add-product.php
[01-May-2025 03:44:01 Asia/Tehran] PHP Warning:  Undefined variable $defaultValues in C:\xampp\htdocs\hesabpars\pages\add-product.php on line 323
[01-May-2025 03:44:01 Asia/Tehran] Error [2] Trying to access array offset on value of type null on line 323 in file C:\xampp\htdocs\hesabpars\pages\add-product.php
[01-May-2025 03:44:01 Asia/Tehran] PHP Warning:  Trying to access array offset on value of type null in C:\xampp\htdocs\hesabpars\pages\add-product.php on line 323
[01-May-2025 03:44:01 Asia/Tehran] Error [2] Undefined variable $defaultValues on line 324 in file C:\xampp\htdocs\hesabpars\pages\add-product.php
[01-May-2025 03:44:01 Asia/Tehran] PHP Warning:  Undefined variable $defaultValues in C:\xampp\htdocs\hesabpars\pages\add-product.php on line 324
[01-May-2025 03:44:01 Asia/Tehran] Error [2] Trying to access array offset on value of type null on line 324 in file C:\xampp\htdocs\hesabpars\pages\add-product.php
[01-May-2025 03:44:01 Asia/Tehran] PHP Warning:  Trying to access array offset on value of type null in C:\xampp\htdocs\hesabpars\pages\add-product.php on line 324
[01-May-2025 03:44:01 Asia/Tehran] Error [2] Undefined variable $defaultValues on line 325 in file C:\xampp\htdocs\hesabpars\pages\add-product.php
[01-May-2025 03:44:01 Asia/Tehran] PHP Warning:  Undefined variable $defaultValues in C:\xampp\htdocs\hesabpars\pages\add-product.php on line 325
[01-May-2025 03:44:01 Asia/Tehran] Error [2] Trying to access array offset on value of type null on line 325 in file C:\xampp\htdocs\hesabpars\pages\add-product.php
[01-May-2025 03:44:01 Asia/Tehran] PHP Warning:  Trying to access array offset on value of type null in C:\xampp\htdocs\hesabpars\pages\add-product.php on line 325
[01-May-2025 03:44:21 Asia/Tehran] Error [2] include_once(../includes/navbar.php): Failed to open stream: No such file or directory on line 93 in file C:\xampp\htdocs\hesabpars\pages\add-product.php
[01-May-2025 03:44:21 Asia/Tehran] PHP Warning:  include_once(../includes/navbar.php): Failed to open stream: No such file or directory in C:\xampp\htdocs\hesabpars\pages\add-product.php on line 93
[01-May-2025 03:44:21 Asia/Tehran] Error [2] include_once(): Failed opening '../includes/navbar.php' for inclusion (include_path='C:\xampp\php\PEAR') on line 93 in file C:\xampp\htdocs\hesabpars\pages\add-product.php
[01-May-2025 03:44:21 Asia/Tehran] PHP Warning:  include_once(): Failed opening '../includes/navbar.php' for inclusion (include_path='C:\xampp\php\PEAR') in C:\xampp\htdocs\hesabpars\pages\add-product.php on line 93
[01-May-2025 03:44:21 Asia/Tehran] Error [2] Undefined variable $units on line 188 in file C:\xampp\htdocs\hesabpars\pages\add-product.php
[01-May-2025 03:44:21 Asia/Tehran] PHP Warning:  Undefined variable $units in C:\xampp\htdocs\hesabpars\pages\add-product.php on line 188
[01-May-2025 03:44:21 Asia/Tehran] Error [2] foreach() argument must be of type array|object, null given on line 188 in file C:\xampp\htdocs\hesabpars\pages\add-product.php
[01-May-2025 03:44:21 Asia/Tehran] PHP Warning:  foreach() argument must be of type array|object, null given in C:\xampp\htdocs\hesabpars\pages\add-product.php on line 188
[01-May-2025 03:44:21 Asia/Tehran] Error [2] Undefined variable $defaultValues on line 249 in file C:\xampp\htdocs\hesabpars\pages\add-product.php
[01-May-2025 03:44:21 Asia/Tehran] PHP Warning:  Undefined variable $defaultValues in C:\xampp\htdocs\hesabpars\pages\add-product.php on line 249
[01-May-2025 03:44:21 Asia/Tehran] Error [2] Trying to access array offset on value of type null on line 249 in file C:\xampp\htdocs\hesabpars\pages\add-product.php
[01-May-2025 03:44:21 Asia/Tehran] PHP Warning:  Trying to access array offset on value of type null in C:\xampp\htdocs\hesabpars\pages\add-product.php on line 249
[01-May-2025 03:44:21 Asia/Tehran] Error [2] Undefined variable $defaultValues on line 250 in file C:\xampp\htdocs\hesabpars\pages\add-product.php
[01-May-2025 03:44:21 Asia/Tehran] PHP Warning:  Undefined variable $defaultValues in C:\xampp\htdocs\hesabpars\pages\add-product.php on line 250
[01-May-2025 03:44:21 Asia/Tehran] Error [2] Trying to access array offset on value of type null on line 250 in file C:\xampp\htdocs\hesabpars\pages\add-product.php
[01-May-2025 03:44:21 Asia/Tehran] PHP Warning:  Trying to access array offset on value of type null in C:\xampp\htdocs\hesabpars\pages\add-product.php on line 250
[01-May-2025 03:44:21 Asia/Tehran] Error [2] Undefined variable $defaultValues on line 268 in file C:\xampp\htdocs\hesabpars\pages\add-product.php
[01-May-2025 03:44:21 Asia/Tehran] PHP Warning:  Undefined variable $defaultValues in C:\xampp\htdocs\hesabpars\pages\add-product.php on line 268
[01-May-2025 03:44:21 Asia/Tehran] Error [2] Trying to access array offset on value of type null on line 268 in file C:\xampp\htdocs\hesabpars\pages\add-product.php
[01-May-2025 03:44:21 Asia/Tehran] PHP Warning:  Trying to access array offset on value of type null in C:\xampp\htdocs\hesabpars\pages\add-product.php on line 268
[01-May-2025 03:44:21 Asia/Tehran] Error [2] Undefined variable $defaultValues on line 274 in file C:\xampp\htdocs\hesabpars\pages\add-product.php
[01-May-2025 03:44:21 Asia/Tehran] PHP Warning:  Undefined variable $defaultValues in C:\xampp\htdocs\hesabpars\pages\add-product.php on line 274
[01-May-2025 03:44:21 Asia/Tehran] Error [2] Trying to access array offset on value of type null on line 274 in file C:\xampp\htdocs\hesabpars\pages\add-product.php
[01-May-2025 03:44:21 Asia/Tehran] PHP Warning:  Trying to access array offset on value of type null in C:\xampp\htdocs\hesabpars\pages\add-product.php on line 274
[01-May-2025 03:44:21 Asia/Tehran] Error [2] Undefined variable $defaultValues on line 323 in file C:\xampp\htdocs\hesabpars\pages\add-product.php
[01-May-2025 03:44:21 Asia/Tehran] PHP Warning:  Undefined variable $defaultValues in C:\xampp\htdocs\hesabpars\pages\add-product.php on line 323
[01-May-2025 03:44:21 Asia/Tehran] Error [2] Trying to access array offset on value of type null on line 323 in file C:\xampp\htdocs\hesabpars\pages\add-product.php
[01-May-2025 03:44:21 Asia/Tehran] PHP Warning:  Trying to access array offset on value of type null in C:\xampp\htdocs\hesabpars\pages\add-product.php on line 323
[01-May-2025 03:44:21 Asia/Tehran] Error [2] Undefined variable $defaultValues on line 324 in file C:\xampp\htdocs\hesabpars\pages\add-product.php
[01-May-2025 03:44:21 Asia/Tehran] PHP Warning:  Undefined variable $defaultValues in C:\xampp\htdocs\hesabpars\pages\add-product.php on line 324
[01-May-2025 03:44:21 Asia/Tehran] Error [2] Trying to access array offset on value of type null on line 324 in file C:\xampp\htdocs\hesabpars\pages\add-product.php
[01-May-2025 03:44:21 Asia/Tehran] PHP Warning:  Trying to access array offset on value of type null in C:\xampp\htdocs\hesabpars\pages\add-product.php on line 324
[01-May-2025 03:44:21 Asia/Tehran] Error [2] Undefined variable $defaultValues on line 325 in file C:\xampp\htdocs\hesabpars\pages\add-product.php
[01-May-2025 03:44:21 Asia/Tehran] PHP Warning:  Undefined variable $defaultValues in C:\xampp\htdocs\hesabpars\pages\add-product.php on line 325
[01-May-2025 03:44:21 Asia/Tehran] Error [2] Trying to access array offset on value of type null on line 325 in file C:\xampp\htdocs\hesabpars\pages\add-product.php
[01-May-2025 03:44:21 Asia/Tehran] PHP Warning:  Trying to access array offset on value of type null in C:\xampp\htdocs\hesabpars\pages\add-product.php on line 325
[01-May-2025 03:44:48 Asia/Tehran] Error [2] include_once(../includes/navbar.php): Failed to open stream: No such file or directory on line 93 in file C:\xampp\htdocs\hesabpars\pages\add-product.php
[01-May-2025 03:44:48 Asia/Tehran] PHP Warning:  include_once(../includes/navbar.php): Failed to open stream: No such file or directory in C:\xampp\htdocs\hesabpars\pages\add-product.php on line 93
[01-May-2025 03:44:48 Asia/Tehran] Error [2] include_once(): Failed opening '../includes/navbar.php' for inclusion (include_path='C:\xampp\php\PEAR') on line 93 in file C:\xampp\htdocs\hesabpars\pages\add-product.php
[01-May-2025 03:44:48 Asia/Tehran] PHP Warning:  include_once(): Failed opening '../includes/navbar.php' for inclusion (include_path='C:\xampp\php\PEAR') in C:\xampp\htdocs\hesabpars\pages\add-product.php on line 93
[01-May-2025 03:44:48 Asia/Tehran] Error [2] Undefined variable $units on line 188 in file C:\xampp\htdocs\hesabpars\pages\add-product.php
[01-May-2025 03:44:48 Asia/Tehran] PHP Warning:  Undefined variable $units in C:\xampp\htdocs\hesabpars\pages\add-product.php on line 188
[01-May-2025 03:44:48 Asia/Tehran] Error [2] foreach() argument must be of type array|object, null given on line 188 in file C:\xampp\htdocs\hesabpars\pages\add-product.php
[01-May-2025 03:44:48 Asia/Tehran] PHP Warning:  foreach() argument must be of type array|object, null given in C:\xampp\htdocs\hesabpars\pages\add-product.php on line 188
[01-May-2025 03:44:48 Asia/Tehran] Error [2] Undefined variable $defaultValues on line 249 in file C:\xampp\htdocs\hesabpars\pages\add-product.php
[01-May-2025 03:44:48 Asia/Tehran] PHP Warning:  Undefined variable $defaultValues in C:\xampp\htdocs\hesabpars\pages\add-product.php on line 249
[01-May-2025 03:44:48 Asia/Tehran] Error [2] Trying to access array offset on value of type null on line 249 in file C:\xampp\htdocs\hesabpars\pages\add-product.php
[01-May-2025 03:44:48 Asia/Tehran] PHP Warning:  Trying to access array offset on value of type null in C:\xampp\htdocs\hesabpars\pages\add-product.php on line 249
[01-May-2025 03:44:48 Asia/Tehran] Error [2] Undefined variable $defaultValues on line 250 in file C:\xampp\htdocs\hesabpars\pages\add-product.php
[01-May-2025 03:44:48 Asia/Tehran] PHP Warning:  Undefined variable $defaultValues in C:\xampp\htdocs\hesabpars\pages\add-product.php on line 250
[01-May-2025 03:44:48 Asia/Tehran] Error [2] Trying to access array offset on value of type null on line 250 in file C:\xampp\htdocs\hesabpars\pages\add-product.php
[01-May-2025 03:44:48 Asia/Tehran] PHP Warning:  Trying to access array offset on value of type null in C:\xampp\htdocs\hesabpars\pages\add-product.php on line 250
[01-May-2025 03:44:48 Asia/Tehran] Error [2] Undefined variable $defaultValues on line 268 in file C:\xampp\htdocs\hesabpars\pages\add-product.php
[01-May-2025 03:44:48 Asia/Tehran] PHP Warning:  Undefined variable $defaultValues in C:\xampp\htdocs\hesabpars\pages\add-product.php on line 268
[01-May-2025 03:44:48 Asia/Tehran] Error [2] Trying to access array offset on value of type null on line 268 in file C:\xampp\htdocs\hesabpars\pages\add-product.php
[01-May-2025 03:44:48 Asia/Tehran] PHP Warning:  Trying to access array offset on value of type null in C:\xampp\htdocs\hesabpars\pages\add-product.php on line 268
[01-May-2025 03:44:48 Asia/Tehran] Error [2] Undefined variable $defaultValues on line 274 in file C:\xampp\htdocs\hesabpars\pages\add-product.php
[01-May-2025 03:44:48 Asia/Tehran] PHP Warning:  Undefined variable $defaultValues in C:\xampp\htdocs\hesabpars\pages\add-product.php on line 274
[01-May-2025 03:44:48 Asia/Tehran] Error [2] Trying to access array offset on value of type null on line 274 in file C:\xampp\htdocs\hesabpars\pages\add-product.php
[01-May-2025 03:44:48 Asia/Tehran] PHP Warning:  Trying to access array offset on value of type null in C:\xampp\htdocs\hesabpars\pages\add-product.php on line 274
[01-May-2025 03:44:48 Asia/Tehran] Error [2] Undefined variable $defaultValues on line 323 in file C:\xampp\htdocs\hesabpars\pages\add-product.php
[01-May-2025 03:44:48 Asia/Tehran] PHP Warning:  Undefined variable $defaultValues in C:\xampp\htdocs\hesabpars\pages\add-product.php on line 323
[01-May-2025 03:44:48 Asia/Tehran] Error [2] Trying to access array offset on value of type null on line 323 in file C:\xampp\htdocs\hesabpars\pages\add-product.php
[01-May-2025 03:44:48 Asia/Tehran] PHP Warning:  Trying to access array offset on value of type null in C:\xampp\htdocs\hesabpars\pages\add-product.php on line 323
[01-May-2025 03:44:48 Asia/Tehran] Error [2] Undefined variable $defaultValues on line 324 in file C:\xampp\htdocs\hesabpars\pages\add-product.php
[01-May-2025 03:44:48 Asia/Tehran] PHP Warning:  Undefined variable $defaultValues in C:\xampp\htdocs\hesabpars\pages\add-product.php on line 324
[01-May-2025 03:44:48 Asia/Tehran] Error [2] Trying to access array offset on value of type null on line 324 in file C:\xampp\htdocs\hesabpars\pages\add-product.php
[01-May-2025 03:44:48 Asia/Tehran] PHP Warning:  Trying to access array offset on value of type null in C:\xampp\htdocs\hesabpars\pages\add-product.php on line 324
[01-May-2025 03:44:48 Asia/Tehran] Error [2] Undefined variable $defaultValues on line 325 in file C:\xampp\htdocs\hesabpars\pages\add-product.php
[01-May-2025 03:44:48 Asia/Tehran] PHP Warning:  Undefined variable $defaultValues in C:\xampp\htdocs\hesabpars\pages\add-product.php on line 325
[01-May-2025 03:44:48 Asia/Tehran] Error [2] Trying to access array offset on value of type null on line 325 in file C:\xampp\htdocs\hesabpars\pages\add-product.php
[01-May-2025 03:44:48 Asia/Tehran] PHP Warning:  Trying to access array offset on value of type null in C:\xampp\htdocs\hesabpars\pages\add-product.php on line 325
[01-May-2025 03:44:50 Asia/Tehran] Error [2] include_once(../includes/navbar.php): Failed to open stream: No such file or directory on line 93 in file C:\xampp\htdocs\hesabpars\pages\add-product.php
[01-May-2025 03:44:50 Asia/Tehran] PHP Warning:  include_once(../includes/navbar.php): Failed to open stream: No such file or directory in C:\xampp\htdocs\hesabpars\pages\add-product.php on line 93
[01-May-2025 03:44:50 Asia/Tehran] Error [2] include_once(): Failed opening '../includes/navbar.php' for inclusion (include_path='C:\xampp\php\PEAR') on line 93 in file C:\xampp\htdocs\hesabpars\pages\add-product.php
[01-May-2025 03:44:50 Asia/Tehran] PHP Warning:  include_once(): Failed opening '../includes/navbar.php' for inclusion (include_path='C:\xampp\php\PEAR') in C:\xampp\htdocs\hesabpars\pages\add-product.php on line 93
[01-May-2025 03:44:50 Asia/Tehran] Error [2] Undefined variable $units on line 188 in file C:\xampp\htdocs\hesabpars\pages\add-product.php
[01-May-2025 03:44:50 Asia/Tehran] PHP Warning:  Undefined variable $units in C:\xampp\htdocs\hesabpars\pages\add-product.php on line 188
[01-May-2025 03:44:50 Asia/Tehran] Error [2] foreach() argument must be of type array|object, null given on line 188 in file C:\xampp\htdocs\hesabpars\pages\add-product.php
[01-May-2025 03:44:50 Asia/Tehran] PHP Warning:  foreach() argument must be of type array|object, null given in C:\xampp\htdocs\hesabpars\pages\add-product.php on line 188
[01-May-2025 03:44:50 Asia/Tehran] Error [2] Undefined variable $defaultValues on line 249 in file C:\xampp\htdocs\hesabpars\pages\add-product.php
[01-May-2025 03:44:50 Asia/Tehran] PHP Warning:  Undefined variable $defaultValues in C:\xampp\htdocs\hesabpars\pages\add-product.php on line 249
[01-May-2025 03:44:50 Asia/Tehran] Error [2] Trying to access array offset on value of type null on line 249 in file C:\xampp\htdocs\hesabpars\pages\add-product.php
[01-May-2025 03:44:50 Asia/Tehran] PHP Warning:  Trying to access array offset on value of type null in C:\xampp\htdocs\hesabpars\pages\add-product.php on line 249
[01-May-2025 03:44:50 Asia/Tehran] Error [2] Undefined variable $defaultValues on line 250 in file C:\xampp\htdocs\hesabpars\pages\add-product.php
[01-May-2025 03:44:50 Asia/Tehran] PHP Warning:  Undefined variable $defaultValues in C:\xampp\htdocs\hesabpars\pages\add-product.php on line 250
[01-May-2025 03:44:50 Asia/Tehran] Error [2] Trying to access array offset on value of type null on line 250 in file C:\xampp\htdocs\hesabpars\pages\add-product.php
[01-May-2025 03:44:50 Asia/Tehran] PHP Warning:  Trying to access array offset on value of type null in C:\xampp\htdocs\hesabpars\pages\add-product.php on line 250
[01-May-2025 03:44:50 Asia/Tehran] Error [2] Undefined variable $defaultValues on line 268 in file C:\xampp\htdocs\hesabpars\pages\add-product.php
[01-May-2025 03:44:50 Asia/Tehran] PHP Warning:  Undefined variable $defaultValues in C:\xampp\htdocs\hesabpars\pages\add-product.php on line 268
[01-May-2025 03:44:50 Asia/Tehran] Error [2] Trying to access array offset on value of type null on line 268 in file C:\xampp\htdocs\hesabpars\pages\add-product.php
[01-May-2025 03:44:50 Asia/Tehran] PHP Warning:  Trying to access array offset on value of type null in C:\xampp\htdocs\hesabpars\pages\add-product.php on line 268
[01-May-2025 03:44:50 Asia/Tehran] Error [2] Undefined variable $defaultValues on line 274 in file C:\xampp\htdocs\hesabpars\pages\add-product.php
[01-May-2025 03:44:50 Asia/Tehran] PHP Warning:  Undefined variable $defaultValues in C:\xampp\htdocs\hesabpars\pages\add-product.php on line 274
[01-May-2025 03:44:50 Asia/Tehran] Error [2] Trying to access array offset on value of type null on line 274 in file C:\xampp\htdocs\hesabpars\pages\add-product.php
[01-May-2025 03:44:50 Asia/Tehran] PHP Warning:  Trying to access array offset on value of type null in C:\xampp\htdocs\hesabpars\pages\add-product.php on line 274
[01-May-2025 03:44:50 Asia/Tehran] Error [2] Undefined variable $defaultValues on line 323 in file C:\xampp\htdocs\hesabpars\pages\add-product.php
[01-May-2025 03:44:50 Asia/Tehran] PHP Warning:  Undefined variable $defaultValues in C:\xampp\htdocs\hesabpars\pages\add-product.php on line 323
[01-May-2025 03:44:50 Asia/Tehran] Error [2] Trying to access array offset on value of type null on line 323 in file C:\xampp\htdocs\hesabpars\pages\add-product.php
[01-May-2025 03:44:50 Asia/Tehran] PHP Warning:  Trying to access array offset on value of type null in C:\xampp\htdocs\hesabpars\pages\add-product.php on line 323
[01-May-2025 03:44:50 Asia/Tehran] Error [2] Undefined variable $defaultValues on line 324 in file C:\xampp\htdocs\hesabpars\pages\add-product.php
[01-May-2025 03:44:50 Asia/Tehran] PHP Warning:  Undefined variable $defaultValues in C:\xampp\htdocs\hesabpars\pages\add-product.php on line 324
[01-May-2025 03:44:50 Asia/Tehran] Error [2] Trying to access array offset on value of type null on line 324 in file C:\xampp\htdocs\hesabpars\pages\add-product.php
[01-May-2025 03:44:50 Asia/Tehran] PHP Warning:  Trying to access array offset on value of type null in C:\xampp\htdocs\hesabpars\pages\add-product.php on line 324
[01-May-2025 03:44:50 Asia/Tehran] Error [2] Undefined variable $defaultValues on line 325 in file C:\xampp\htdocs\hesabpars\pages\add-product.php
[01-May-2025 03:44:50 Asia/Tehran] PHP Warning:  Undefined variable $defaultValues in C:\xampp\htdocs\hesabpars\pages\add-product.php on line 325
[01-May-2025 03:44:50 Asia/Tehran] Error [2] Trying to access array offset on value of type null on line 325 in file C:\xampp\htdocs\hesabpars\pages\add-product.php
[01-May-2025 03:44:50 Asia/Tehran] PHP Warning:  Trying to access array offset on value of type null in C:\xampp\htdocs\hesabpars\pages\add-product.php on line 325
[01-May-2025 03:44:55 Asia/Tehran] Error [2] include_once(../includes/navbar.php): Failed to open stream: No such file or directory on line 93 in file C:\xampp\htdocs\hesabpars\pages\add-product.php
[01-May-2025 03:44:55 Asia/Tehran] PHP Warning:  include_once(../includes/navbar.php): Failed to open stream: No such file or directory in C:\xampp\htdocs\hesabpars\pages\add-product.php on line 93
[01-May-2025 03:44:55 Asia/Tehran] Error [2] include_once(): Failed opening '../includes/navbar.php' for inclusion (include_path='C:\xampp\php\PEAR') on line 93 in file C:\xampp\htdocs\hesabpars\pages\add-product.php
[01-May-2025 03:44:55 Asia/Tehran] PHP Warning:  include_once(): Failed opening '../includes/navbar.php' for inclusion (include_path='C:\xampp\php\PEAR') in C:\xampp\htdocs\hesabpars\pages\add-product.php on line 93
[01-May-2025 03:44:55 Asia/Tehran] Error [2] Undefined variable $units on line 188 in file C:\xampp\htdocs\hesabpars\pages\add-product.php
[01-May-2025 03:44:55 Asia/Tehran] PHP Warning:  Undefined variable $units in C:\xampp\htdocs\hesabpars\pages\add-product.php on line 188
[01-May-2025 03:44:55 Asia/Tehran] Error [2] foreach() argument must be of type array|object, null given on line 188 in file C:\xampp\htdocs\hesabpars\pages\add-product.php
[01-May-2025 03:44:55 Asia/Tehran] PHP Warning:  foreach() argument must be of type array|object, null given in C:\xampp\htdocs\hesabpars\pages\add-product.php on line 188
[01-May-2025 03:44:55 Asia/Tehran] Error [2] Undefined variable $defaultValues on line 249 in file C:\xampp\htdocs\hesabpars\pages\add-product.php
[01-May-2025 03:44:55 Asia/Tehran] PHP Warning:  Undefined variable $defaultValues in C:\xampp\htdocs\hesabpars\pages\add-product.php on line 249
[01-May-2025 03:44:55 Asia/Tehran] Error [2] Trying to access array offset on value of type null on line 249 in file C:\xampp\htdocs\hesabpars\pages\add-product.php
[01-May-2025 03:44:55 Asia/Tehran] PHP Warning:  Trying to access array offset on value of type null in C:\xampp\htdocs\hesabpars\pages\add-product.php on line 249
[01-May-2025 03:44:55 Asia/Tehran] Error [2] Undefined variable $defaultValues on line 250 in file C:\xampp\htdocs\hesabpars\pages\add-product.php
[01-May-2025 03:44:55 Asia/Tehran] PHP Warning:  Undefined variable $defaultValues in C:\xampp\htdocs\hesabpars\pages\add-product.php on line 250
[01-May-2025 03:44:55 Asia/Tehran] Error [2] Trying to access array offset on value of type null on line 250 in file C:\xampp\htdocs\hesabpars\pages\add-product.php
[01-May-2025 03:44:55 Asia/Tehran] PHP Warning:  Trying to access array offset on value of type null in C:\xampp\htdocs\hesabpars\pages\add-product.php on line 250
[01-May-2025 03:44:55 Asia/Tehran] Error [2] Undefined variable $defaultValues on line 268 in file C:\xampp\htdocs\hesabpars\pages\add-product.php
[01-May-2025 03:44:55 Asia/Tehran] PHP Warning:  Undefined variable $defaultValues in C:\xampp\htdocs\hesabpars\pages\add-product.php on line 268
[01-May-2025 03:44:55 Asia/Tehran] Error [2] Trying to access array offset on value of type null on line 268 in file C:\xampp\htdocs\hesabpars\pages\add-product.php
[01-May-2025 03:44:55 Asia/Tehran] PHP Warning:  Trying to access array offset on value of type null in C:\xampp\htdocs\hesabpars\pages\add-product.php on line 268
[01-May-2025 03:44:55 Asia/Tehran] Error [2] Undefined variable $defaultValues on line 274 in file C:\xampp\htdocs\hesabpars\pages\add-product.php
[01-May-2025 03:44:55 Asia/Tehran] PHP Warning:  Undefined variable $defaultValues in C:\xampp\htdocs\hesabpars\pages\add-product.php on line 274
[01-May-2025 03:44:55 Asia/Tehran] Error [2] Trying to access array offset on value of type null on line 274 in file C:\xampp\htdocs\hesabpars\pages\add-product.php
[01-May-2025 03:44:55 Asia/Tehran] PHP Warning:  Trying to access array offset on value of type null in C:\xampp\htdocs\hesabpars\pages\add-product.php on line 274
[01-May-2025 03:44:55 Asia/Tehran] Error [2] Undefined variable $defaultValues on line 323 in file C:\xampp\htdocs\hesabpars\pages\add-product.php
[01-May-2025 03:44:55 Asia/Tehran] PHP Warning:  Undefined variable $defaultValues in C:\xampp\htdocs\hesabpars\pages\add-product.php on line 323
[01-May-2025 03:44:55 Asia/Tehran] Error [2] Trying to access array offset on value of type null on line 323 in file C:\xampp\htdocs\hesabpars\pages\add-product.php
[01-May-2025 03:44:55 Asia/Tehran] PHP Warning:  Trying to access array offset on value of type null in C:\xampp\htdocs\hesabpars\pages\add-product.php on line 323
[01-May-2025 03:44:55 Asia/Tehran] Error [2] Undefined variable $defaultValues on line 324 in file C:\xampp\htdocs\hesabpars\pages\add-product.php
[01-May-2025 03:44:55 Asia/Tehran] PHP Warning:  Undefined variable $defaultValues in C:\xampp\htdocs\hesabpars\pages\add-product.php on line 324
[01-May-2025 03:44:55 Asia/Tehran] Error [2] Trying to access array offset on value of type null on line 324 in file C:\xampp\htdocs\hesabpars\pages\add-product.php
[01-May-2025 03:44:55 Asia/Tehran] PHP Warning:  Trying to access array offset on value of type null in C:\xampp\htdocs\hesabpars\pages\add-product.php on line 324
[01-May-2025 03:44:55 Asia/Tehran] Error [2] Undefined variable $defaultValues on line 325 in file C:\xampp\htdocs\hesabpars\pages\add-product.php
[01-May-2025 03:44:55 Asia/Tehran] PHP Warning:  Undefined variable $defaultValues in C:\xampp\htdocs\hesabpars\pages\add-product.php on line 325
[01-May-2025 03:44:55 Asia/Tehran] Error [2] Trying to access array offset on value of type null on line 325 in file C:\xampp\htdocs\hesabpars\pages\add-product.php
[01-May-2025 03:44:55 Asia/Tehran] PHP Warning:  Trying to access array offset on value of type null in C:\xampp\htdocs\hesabpars\pages\add-product.php on line 325
[01-May-2025 03:46:06 Asia/Tehran] Error [2] include_once(../includes/navbar.php): Failed to open stream: No such file or directory on line 93 in file C:\xampp\htdocs\hesabpars\pages\add-product.php
[01-May-2025 03:46:06 Asia/Tehran] PHP Warning:  include_once(../includes/navbar.php): Failed to open stream: No such file or directory in C:\xampp\htdocs\hesabpars\pages\add-product.php on line 93
[01-May-2025 03:46:06 Asia/Tehran] Error [2] include_once(): Failed opening '../includes/navbar.php' for inclusion (include_path='C:\xampp\php\PEAR') on line 93 in file C:\xampp\htdocs\hesabpars\pages\add-product.php
[01-May-2025 03:46:06 Asia/Tehran] PHP Warning:  include_once(): Failed opening '../includes/navbar.php' for inclusion (include_path='C:\xampp\php\PEAR') in C:\xampp\htdocs\hesabpars\pages\add-product.php on line 93
[01-May-2025 03:46:06 Asia/Tehran] Error [2] Undefined variable $units on line 188 in file C:\xampp\htdocs\hesabpars\pages\add-product.php
[01-May-2025 03:46:06 Asia/Tehran] PHP Warning:  Undefined variable $units in C:\xampp\htdocs\hesabpars\pages\add-product.php on line 188
[01-May-2025 03:46:06 Asia/Tehran] Error [2] foreach() argument must be of type array|object, null given on line 188 in file C:\xampp\htdocs\hesabpars\pages\add-product.php
[01-May-2025 03:46:06 Asia/Tehran] PHP Warning:  foreach() argument must be of type array|object, null given in C:\xampp\htdocs\hesabpars\pages\add-product.php on line 188
[01-May-2025 03:46:06 Asia/Tehran] Error [2] Undefined variable $defaultValues on line 249 in file C:\xampp\htdocs\hesabpars\pages\add-product.php
[01-May-2025 03:46:06 Asia/Tehran] PHP Warning:  Undefined variable $defaultValues in C:\xampp\htdocs\hesabpars\pages\add-product.php on line 249
[01-May-2025 03:46:06 Asia/Tehran] Error [2] Trying to access array offset on value of type null on line 249 in file C:\xampp\htdocs\hesabpars\pages\add-product.php
[01-May-2025 03:46:06 Asia/Tehran] PHP Warning:  Trying to access array offset on value of type null in C:\xampp\htdocs\hesabpars\pages\add-product.php on line 249
[01-May-2025 03:46:06 Asia/Tehran] Error [2] Undefined variable $defaultValues on line 250 in file C:\xampp\htdocs\hesabpars\pages\add-product.php
[01-May-2025 03:46:06 Asia/Tehran] PHP Warning:  Undefined variable $defaultValues in C:\xampp\htdocs\hesabpars\pages\add-product.php on line 250
[01-May-2025 03:46:06 Asia/Tehran] Error [2] Trying to access array offset on value of type null on line 250 in file C:\xampp\htdocs\hesabpars\pages\add-product.php
[01-May-2025 03:46:06 Asia/Tehran] PHP Warning:  Trying to access array offset on value of type null in C:\xampp\htdocs\hesabpars\pages\add-product.php on line 250
[01-May-2025 03:46:06 Asia/Tehran] Error [2] Undefined variable $defaultValues on line 268 in file C:\xampp\htdocs\hesabpars\pages\add-product.php
[01-May-2025 03:46:06 Asia/Tehran] PHP Warning:  Undefined variable $defaultValues in C:\xampp\htdocs\hesabpars\pages\add-product.php on line 268
[01-May-2025 03:46:06 Asia/Tehran] Error [2] Trying to access array offset on value of type null on line 268 in file C:\xampp\htdocs\hesabpars\pages\add-product.php
[01-May-2025 03:46:06 Asia/Tehran] PHP Warning:  Trying to access array offset on value of type null in C:\xampp\htdocs\hesabpars\pages\add-product.php on line 268
[01-May-2025 03:46:06 Asia/Tehran] Error [2] Undefined variable $defaultValues on line 274 in file C:\xampp\htdocs\hesabpars\pages\add-product.php
[01-May-2025 03:46:06 Asia/Tehran] PHP Warning:  Undefined variable $defaultValues in C:\xampp\htdocs\hesabpars\pages\add-product.php on line 274
[01-May-2025 03:46:06 Asia/Tehran] Error [2] Trying to access array offset on value of type null on line 274 in file C:\xampp\htdocs\hesabpars\pages\add-product.php
[01-May-2025 03:46:06 Asia/Tehran] PHP Warning:  Trying to access array offset on value of type null in C:\xampp\htdocs\hesabpars\pages\add-product.php on line 274
[01-May-2025 03:46:06 Asia/Tehran] Error [2] Undefined variable $defaultValues on line 323 in file C:\xampp\htdocs\hesabpars\pages\add-product.php
[01-May-2025 03:46:06 Asia/Tehran] PHP Warning:  Undefined variable $defaultValues in C:\xampp\htdocs\hesabpars\pages\add-product.php on line 323
[01-May-2025 03:46:06 Asia/Tehran] Error [2] Trying to access array offset on value of type null on line 323 in file C:\xampp\htdocs\hesabpars\pages\add-product.php
[01-May-2025 03:46:06 Asia/Tehran] PHP Warning:  Trying to access array offset on value of type null in C:\xampp\htdocs\hesabpars\pages\add-product.php on line 323
[01-May-2025 03:46:06 Asia/Tehran] Error [2] Undefined variable $defaultValues on line 324 in file C:\xampp\htdocs\hesabpars\pages\add-product.php
[01-May-2025 03:46:06 Asia/Tehran] PHP Warning:  Undefined variable $defaultValues in C:\xampp\htdocs\hesabpars\pages\add-product.php on line 324
[01-May-2025 03:46:06 Asia/Tehran] Error [2] Trying to access array offset on value of type null on line 324 in file C:\xampp\htdocs\hesabpars\pages\add-product.php
[01-May-2025 03:46:06 Asia/Tehran] PHP Warning:  Trying to access array offset on value of type null in C:\xampp\htdocs\hesabpars\pages\add-product.php on line 324
[01-May-2025 03:46:06 Asia/Tehran] Error [2] Undefined variable $defaultValues on line 325 in file C:\xampp\htdocs\hesabpars\pages\add-product.php
[01-May-2025 03:46:06 Asia/Tehran] PHP Warning:  Undefined variable $defaultValues in C:\xampp\htdocs\hesabpars\pages\add-product.php on line 325
[01-May-2025 03:46:06 Asia/Tehran] Error [2] Trying to access array offset on value of type null on line 325 in file C:\xampp\htdocs\hesabpars\pages\add-product.php
[01-May-2025 03:46:06 Asia/Tehran] PHP Warning:  Trying to access array offset on value of type null in C:\xampp\htdocs\hesabpars\pages\add-product.php on line 325
[01-May-2025 03:46:10 Asia/Tehran] Error [2] include_once(../includes/navbar.php): Failed to open stream: No such file or directory on line 93 in file C:\xampp\htdocs\hesabpars\pages\add-product.php
[01-May-2025 03:46:10 Asia/Tehran] PHP Warning:  include_once(../includes/navbar.php): Failed to open stream: No such file or directory in C:\xampp\htdocs\hesabpars\pages\add-product.php on line 93
[01-May-2025 03:46:10 Asia/Tehran] Error [2] include_once(): Failed opening '../includes/navbar.php' for inclusion (include_path='C:\xampp\php\PEAR') on line 93 in file C:\xampp\htdocs\hesabpars\pages\add-product.php
[01-May-2025 03:46:10 Asia/Tehran] PHP Warning:  include_once(): Failed opening '../includes/navbar.php' for inclusion (include_path='C:\xampp\php\PEAR') in C:\xampp\htdocs\hesabpars\pages\add-product.php on line 93
[01-May-2025 03:46:10 Asia/Tehran] Error [2] Undefined variable $units on line 188 in file C:\xampp\htdocs\hesabpars\pages\add-product.php
[01-May-2025 03:46:10 Asia/Tehran] PHP Warning:  Undefined variable $units in C:\xampp\htdocs\hesabpars\pages\add-product.php on line 188
[01-May-2025 03:46:10 Asia/Tehran] Error [2] foreach() argument must be of type array|object, null given on line 188 in file C:\xampp\htdocs\hesabpars\pages\add-product.php
[01-May-2025 03:46:10 Asia/Tehran] PHP Warning:  foreach() argument must be of type array|object, null given in C:\xampp\htdocs\hesabpars\pages\add-product.php on line 188
[01-May-2025 03:46:10 Asia/Tehran] Error [2] Undefined variable $defaultValues on line 249 in file C:\xampp\htdocs\hesabpars\pages\add-product.php
[01-May-2025 03:46:10 Asia/Tehran] PHP Warning:  Undefined variable $defaultValues in C:\xampp\htdocs\hesabpars\pages\add-product.php on line 249
[01-May-2025 03:46:10 Asia/Tehran] Error [2] Trying to access array offset on value of type null on line 249 in file C:\xampp\htdocs\hesabpars\pages\add-product.php
[01-May-2025 03:46:10 Asia/Tehran] PHP Warning:  Trying to access array offset on value of type null in C:\xampp\htdocs\hesabpars\pages\add-product.php on line 249
[01-May-2025 03:46:10 Asia/Tehran] Error [2] Undefined variable $defaultValues on line 250 in file C:\xampp\htdocs\hesabpars\pages\add-product.php
[01-May-2025 03:46:10 Asia/Tehran] PHP Warning:  Undefined variable $defaultValues in C:\xampp\htdocs\hesabpars\pages\add-product.php on line 250
[01-May-2025 03:46:10 Asia/Tehran] Error [2] Trying to access array offset on value of type null on line 250 in file C:\xampp\htdocs\hesabpars\pages\add-product.php
[01-May-2025 03:46:10 Asia/Tehran] PHP Warning:  Trying to access array offset on value of type null in C:\xampp\htdocs\hesabpars\pages\add-product.php on line 250
[01-May-2025 03:46:10 Asia/Tehran] Error [2] Undefined variable $defaultValues on line 268 in file C:\xampp\htdocs\hesabpars\pages\add-product.php
[01-May-2025 03:46:10 Asia/Tehran] PHP Warning:  Undefined variable $defaultValues in C:\xampp\htdocs\hesabpars\pages\add-product.php on line 268
[01-May-2025 03:46:10 Asia/Tehran] Error [2] Trying to access array offset on value of type null on line 268 in file C:\xampp\htdocs\hesabpars\pages\add-product.php
[01-May-2025 03:46:10 Asia/Tehran] PHP Warning:  Trying to access array offset on value of type null in C:\xampp\htdocs\hesabpars\pages\add-product.php on line 268
[01-May-2025 03:46:10 Asia/Tehran] Error [2] Undefined variable $defaultValues on line 274 in file C:\xampp\htdocs\hesabpars\pages\add-product.php
[01-May-2025 03:46:10 Asia/Tehran] PHP Warning:  Undefined variable $defaultValues in C:\xampp\htdocs\hesabpars\pages\add-product.php on line 274
[01-May-2025 03:46:10 Asia/Tehran] Error [2] Trying to access array offset on value of type null on line 274 in file C:\xampp\htdocs\hesabpars\pages\add-product.php
[01-May-2025 03:46:10 Asia/Tehran] PHP Warning:  Trying to access array offset on value of type null in C:\xampp\htdocs\hesabpars\pages\add-product.php on line 274
[01-May-2025 03:46:10 Asia/Tehran] Error [2] Undefined variable $defaultValues on line 323 in file C:\xampp\htdocs\hesabpars\pages\add-product.php
[01-May-2025 03:46:10 Asia/Tehran] PHP Warning:  Undefined variable $defaultValues in C:\xampp\htdocs\hesabpars\pages\add-product.php on line 323
[01-May-2025 03:46:10 Asia/Tehran] Error [2] Trying to access array offset on value of type null on line 323 in file C:\xampp\htdocs\hesabpars\pages\add-product.php
[01-May-2025 03:46:10 Asia/Tehran] PHP Warning:  Trying to access array offset on value of type null in C:\xampp\htdocs\hesabpars\pages\add-product.php on line 323
[01-May-2025 03:46:10 Asia/Tehran] Error [2] Undefined variable $defaultValues on line 324 in file C:\xampp\htdocs\hesabpars\pages\add-product.php
[01-May-2025 03:46:10 Asia/Tehran] PHP Warning:  Undefined variable $defaultValues in C:\xampp\htdocs\hesabpars\pages\add-product.php on line 324
[01-May-2025 03:46:10 Asia/Tehran] Error [2] Trying to access array offset on value of type null on line 324 in file C:\xampp\htdocs\hesabpars\pages\add-product.php
[01-May-2025 03:46:10 Asia/Tehran] PHP Warning:  Trying to access array offset on value of type null in C:\xampp\htdocs\hesabpars\pages\add-product.php on line 324
[01-May-2025 03:46:10 Asia/Tehran] Error [2] Undefined variable $defaultValues on line 325 in file C:\xampp\htdocs\hesabpars\pages\add-product.php
[01-May-2025 03:46:10 Asia/Tehran] PHP Warning:  Undefined variable $defaultValues in C:\xampp\htdocs\hesabpars\pages\add-product.php on line 325
[01-May-2025 03:46:10 Asia/Tehran] Error [2] Trying to access array offset on value of type null on line 325 in file C:\xampp\htdocs\hesabpars\pages\add-product.php
[01-May-2025 03:46:10 Asia/Tehran] PHP Warning:  Trying to access array offset on value of type null in C:\xampp\htdocs\hesabpars\pages\add-product.php on line 325
[01-May-2025 04:02:09 Asia/Tehran] Error [2] include_once(../includes/navbar.php): Failed to open stream: No such file or directory on line 122 in file C:\xampp\htdocs\hesabpars\pages\add-product.php
[01-May-2025 04:02:09 Asia/Tehran] PHP Warning:  include_once(../includes/navbar.php): Failed to open stream: No such file or directory in C:\xampp\htdocs\hesabpars\pages\add-product.php on line 122
[01-May-2025 04:02:09 Asia/Tehran] Error [2] include_once(): Failed opening '../includes/navbar.php' for inclusion (include_path='C:\xampp\php\PEAR') on line 122 in file C:\xampp\htdocs\hesabpars\pages\add-product.php
[01-May-2025 04:02:09 Asia/Tehran] PHP Warning:  include_once(): Failed opening '../includes/navbar.php' for inclusion (include_path='C:\xampp\php\PEAR') in C:\xampp\htdocs\hesabpars\pages\add-product.php on line 122
[01-May-2025 04:02:09 Asia/Tehran] Error [2] Undefined variable $units on line 217 in file C:\xampp\htdocs\hesabpars\pages\add-product.php
[01-May-2025 04:02:09 Asia/Tehran] PHP Warning:  Undefined variable $units in C:\xampp\htdocs\hesabpars\pages\add-product.php on line 217
[01-May-2025 04:02:09 Asia/Tehran] Error [2] foreach() argument must be of type array|object, null given on line 217 in file C:\xampp\htdocs\hesabpars\pages\add-product.php
[01-May-2025 04:02:09 Asia/Tehran] PHP Warning:  foreach() argument must be of type array|object, null given in C:\xampp\htdocs\hesabpars\pages\add-product.php on line 217
[01-May-2025 04:06:03 Asia/Tehran] Error [2] Undefined array key "max_stock" on line 430 in file C:\xampp\htdocs\hesabpars\pages\add-product.php
[01-May-2025 04:06:03 Asia/Tehran] PHP Warning:  Undefined array key "max_stock" in C:\xampp\htdocs\hesabpars\pages\add-product.php on line 430
[01-May-2025 11:27:04 Asia/Tehran] Database Error: SQLSTATE[42S02]: Base table or view not found: 1146 Table 'hesabpars.currencies' doesn't exist
[01-May-2025 11:27:13 Asia/Tehran] Database Error: SQLSTATE[42S02]: Base table or view not found: 1146 Table 'hesabpars.currencies' doesn't exist
[01-May-2025 11:32:08 Asia/Tehran] Database Error: SQLSTATE[42S02]: Base table or view not found: 1146 Table 'hesabpars.currencies' doesn't exist
[01-May-2025 11:32:26 Asia/Tehran] Error [2] file_get_contents(C:\xampp\htdocs\hesabpars\database/add_product_tables.sql): Failed to open stream: No such file or directory on line 6 in file C:\xampp\htdocs\hesabpars\database\add_tables.php
[01-May-2025 11:32:26 Asia/Tehran] PHP Warning:  file_get_contents(C:\xampp\htdocs\hesabpars\database/add_product_tables.sql): Failed to open stream: No such file or directory in C:\xampp\htdocs\hesabpars\database\add_tables.php on line 6
[01-May-2025 11:32:26 Asia/Tehran] Uncaught Exception: PDO::exec(): Argument #1 ($statement) cannot be empty
[01-May-2025 11:34:02 Asia/Tehran] Uncaught Exception: PDO::exec(): Argument #1 ($statement) cannot be empty
[01-May-2025 11:34:14 Asia/Tehran] Database Error: SQLSTATE[42S02]: Base table or view not found: 1146 Table 'hesabpars.currencies' doesn't exist
[01-May-2025 11:36:25 Asia/Tehran] Error [8] session_start(): Ignoring session_start() because a session is already active on line 90 in file C:\xampp\htdocs\hesabpars\includes\init.php
[01-May-2025 11:36:25 Asia/Tehran] PHP Notice:  session_start(): Ignoring session_start() because a session is already active in C:\xampp\htdocs\hesabpars\includes\init.php on line 90
[01-May-2025 11:36:41 Asia/Tehran] Error [8] session_start(): Ignoring session_start() because a session is already active on line 90 in file C:\xampp\htdocs\hesabpars\includes\init.php
[01-May-2025 11:36:41 Asia/Tehran] PHP Notice:  session_start(): Ignoring session_start() because a session is already active in C:\xampp\htdocs\hesabpars\includes\init.php on line 90
[01-May-2025 11:38:06 Asia/Tehran] PHP Fatal error:  Cannot redeclare isLoggedIn() (previously declared in C:\xampp\htdocs\hesabpars\includes\init.php:99) in C:\xampp\htdocs\hesabpars\includes\auth.php on line 19
[01-May-2025 11:38:15 Asia/Tehran] PHP Fatal error:  Cannot redeclare isLoggedIn() (previously declared in C:\xampp\htdocs\hesabpars\includes\init.php:99) in C:\xampp\htdocs\hesabpars\includes\auth.php on line 19
[01-May-2025 11:38:26 Asia/Tehran] PHP Fatal error:  Cannot redeclare isLoggedIn() (previously declared in C:\xampp\htdocs\hesabpars\includes\init.php:99) in C:\xampp\htdocs\hesabpars\includes\auth.php on line 19
[01-May-2025 11:40:06 Asia/Tehran] PHP Fatal error:  Cannot redeclare isLoggedIn() (previously declared in C:\xampp\htdocs\hesabpars\includes\init.php:99) in C:\xampp\htdocs\hesabpars\includes\auth.php on line 57
[01-May-2025 11:55:33 Asia/Tehran] Error [2] Constant BASE_URL already defined on line 10 in file C:\xampp\htdocs\hesabpars\includes\config.php
[01-May-2025 11:55:33 Asia/Tehran] PHP Warning:  Constant BASE_URL already defined in C:\xampp\htdocs\hesabpars\includes\config.php on line 10
[01-May-2025 11:55:33 Asia/Tehran] Error [2] Undefined variable $db on line 6 in file C:\xampp\htdocs\hesabpars\database\insert_defaults.php
[01-May-2025 11:55:33 Asia/Tehran] PHP Warning:  Undefined variable $db in C:\xampp\htdocs\hesabpars\database\insert_defaults.php on line 6
[01-May-2025 11:55:33 Asia/Tehran] Uncaught Exception: Call to a member function query() on null
[01-May-2025 13:21:12 Asia/Tehran] PHP Fatal error:  Cannot redeclare redirect() (previously declared in C:\xampp\htdocs\hesabpars\includes\init.php:43) in C:\xampp\htdocs\hesabpars\includes\config.php on line 49
[01-May-2025 13:21:23 Asia/Tehran] PHP Fatal error:  Cannot redeclare redirect() (previously declared in C:\xampp\htdocs\hesabpars\includes\init.php:43) in C:\xampp\htdocs\hesabpars\includes\config.php on line 49
[01-May-2025 16:29:18 Asia/Tehran] PHP Fatal error:  Cannot redeclare redirect() (previously declared in C:\xampp\htdocs\hesabpars\includes\init.php:43) in C:\xampp\htdocs\hesabpars\includes\config.php on line 49
[01-May-2025 17:05:38 Asia/Tehran] PHP Fatal error:  Cannot redeclare redirect() (previously declared in C:\xampp\htdocs\hesabpars\includes\init.php:43) in C:\xampp\htdocs\hesabpars\includes\config.php on line 49
[01-May-2025 17:10:42 Asia/Tehran] PHP Fatal error:  Cannot redeclare redirect() (previously declared in C:\xampp\htdocs\hesabpars\includes\init.php:43) in C:\xampp\htdocs\hesabpars\includes\config.php on line 49
[01-May-2025 17:21:01 Asia/Tehran] PHP Fatal error:  Cannot redeclare redirect() (previously declared in C:\xampp\htdocs\hesabpars\includes\init.php:43) in C:\xampp\htdocs\hesabpars\includes\config.php on line 49
[01-May-2025 17:53:34 Asia/Tehran] PHP Fatal error:  Cannot redeclare redirect() (previously declared in C:\xampp\htdocs\hesabpars\includes\init.php:43) in C:\xampp\htdocs\hesabpars\includes\config.php on line 49
[01-May-2025 17:53:38 Asia/Tehran] PHP Fatal error:  Cannot redeclare redirect() (previously declared in C:\xampp\htdocs\hesabpars\includes\init.php:43) in C:\xampp\htdocs\hesabpars\includes\config.php on line 49
[01-May-2025 17:53:59 Asia/Tehran] PHP Fatal error:  Uncaught Error: Call to undefined function asset() in C:\xampp\htdocs\hesabpars\pages\add-product.php:156
Stack trace:
#0 {main}
  thrown in C:\xampp\htdocs\hesabpars\pages\add-product.php on line 156
[01-May-2025 17:54:05 Asia/Tehran] PHP Fatal error:  Uncaught Error: Call to undefined function asset() in C:\xampp\htdocs\hesabpars\pages\add-product.php:156
Stack trace:
#0 {main}
  thrown in C:\xampp\htdocs\hesabpars\pages\add-product.php on line 156
[01-May-2025 17:54:11 Asia/Tehran] PHP Fatal error:  Cannot redeclare redirect() (previously declared in C:\xampp\htdocs\hesabpars\includes\init.php:43) in C:\xampp\htdocs\hesabpars\includes\config.php on line 49
[01-May-2025 17:54:15 Asia/Tehran] PHP Fatal error:  Uncaught Error: Call to undefined function asset() in C:\xampp\htdocs\hesabpars\pages\add-product.php:156
Stack trace:
#0 {main}
  thrown in C:\xampp\htdocs\hesabpars\pages\add-product.php on line 156
[01-May-2025 17:54:38 Asia/Tehran] PHP Fatal error:  Uncaught Error: Call to undefined function asset() in C:\xampp\htdocs\hesabpars\pages\add-product.php:156
Stack trace:
#0 {main}
  thrown in C:\xampp\htdocs\hesabpars\pages\add-product.php on line 156
[01-May-2025 17:55:19 Asia/Tehran] PHP Fatal error:  Uncaught Error: Call to undefined function asset() in C:\xampp\htdocs\hesabpars\pages\add-product.php:156
Stack trace:
#0 {main}
  thrown in C:\xampp\htdocs\hesabpars\pages\add-product.php on line 156
[01-May-2025 17:56:25 Asia/Tehran] PHP Fatal error:  Cannot redeclare redirect() (previously declared in C:\xampp\htdocs\hesabpars\includes\init.php:43) in C:\xampp\htdocs\hesabpars\includes\config.php on line 53
[01-May-2025 17:56:31 Asia/Tehran] PHP Fatal error:  Cannot redeclare redirect() (previously declared in C:\xampp\htdocs\hesabpars\includes\init.php:43) in C:\xampp\htdocs\hesabpars\includes\config.php on line 54
[01-May-2025 17:56:45 Asia/Tehran] PHP Fatal error:  Cannot redeclare redirect() (previously declared in C:\xampp\htdocs\hesabpars\includes\init.php:43) in C:\xampp\htdocs\hesabpars\includes\config.php on line 49
[01-May-2025 17:56:55 Asia/Tehran] PHP Fatal error:  Uncaught Error: Undefined constant "LOG_PATH" in C:\xampp\htdocs\hesabpars\pages\add-product.php:21
Stack trace:
#0 C:\xampp\htdocs\hesabpars\pages\add-product.php(66): logError('\xD8\xAE\xD8\xB7\xD8\xA7\xDB\x8C \xD8\xB9\xD9\x85\xD9\x88...', Array)
#1 {main}
  thrown in C:\xampp\htdocs\hesabpars\pages\add-product.php on line 21
[01-May-2025 17:57:09 Asia/Tehran] PHP Fatal error:  Cannot redeclare redirect() (previously declared in C:\xampp\htdocs\hesabpars\includes\init.php:43) in C:\xampp\htdocs\hesabpars\includes\config.php on line 49
[01-May-2025 17:57:14 Asia/Tehran] PHP Fatal error:  Cannot redeclare redirect() (previously declared in C:\xampp\htdocs\hesabpars\includes\init.php:43) in C:\xampp\htdocs\hesabpars\includes\config.php on line 49
[01-May-2025 17:57:18 Asia/Tehran] PHP Fatal error:  Cannot redeclare redirect() (previously declared in C:\xampp\htdocs\hesabpars\includes\init.php:43) in C:\xampp\htdocs\hesabpars\includes\config.php on line 51
[01-May-2025 17:57:18 Asia/Tehran] PHP Fatal error:  Cannot redeclare redirect() (previously declared in C:\xampp\htdocs\hesabpars\includes\init.php:43) in C:\xampp\htdocs\hesabpars\includes\config.php on line 51
[01-May-2025 17:57:23 Asia/Tehran] PHP Fatal error:  Cannot redeclare redirect() (previously declared in C:\xampp\htdocs\hesabpars\includes\init.php:43) in C:\xampp\htdocs\hesabpars\includes\config.php on line 49
[01-May-2025 17:57:30 Asia/Tehran] PHP Warning:  Constant BASE_URL already defined in C:\xampp\htdocs\hesabpars\includes\config.php on line 9
[01-May-2025 17:57:30 Asia/Tehran] PHP Fatal error:  Uncaught Error: Call to undefined function asset() in C:\xampp\htdocs\hesabpars\pages\add-product.php:156
Stack trace:
#0 {main}
  thrown in C:\xampp\htdocs\hesabpars\pages\add-product.php on line 156
[01-May-2025 17:57:42 Asia/Tehran] PHP Fatal error:  Uncaught Error: Call to undefined function asset() in C:\xampp\htdocs\hesabpars\pages\add-product.php:156
Stack trace:
#0 {main}
  thrown in C:\xampp\htdocs\hesabpars\pages\add-product.php on line 156
2025-05-01 18:52:23 Error [8192] Creation of dynamic property ProductManager::$categories is deprecated on line 89 in file C:\xampp\htdocs\hesabpars\pages\add-product.php
2025-05-01 18:52:23 Error [2] Undefined property: ProductManager::$units on line 443 in file C:\xampp\htdocs\hesabpars\pages\add-product.php
2025-05-01 18:52:23 Error [2] Undefined property: ProductManager::$taxTypes on line 450 in file C:\xampp\htdocs\hesabpars\pages\add-product.php
2025-05-01 18:52:23 Error [2] Undefined property: ProductManager::$currencies on line 457 in file C:\xampp\htdocs\hesabpars\pages\add-product.php
2025-05-01 18:52:23 Error [2] foreach() argument must be of type array|object, null given on line 626 in file C:\xampp\htdocs\hesabpars\pages\add-product.php
2025-05-01 18:54:03 Error [8192] Creation of dynamic property ProductManager::$categories is deprecated on line 89 in file C:\xampp\htdocs\hesabpars\pages\add-product.php
2025-05-01 18:54:03 Error [2] Undefined property: ProductManager::$units on line 443 in file C:\xampp\htdocs\hesabpars\pages\add-product.php
2025-05-01 18:54:03 Error [2] Undefined property: ProductManager::$taxTypes on line 450 in file C:\xampp\htdocs\hesabpars\pages\add-product.php
2025-05-01 18:54:03 Error [2] Undefined property: ProductManager::$currencies on line 457 in file C:\xampp\htdocs\hesabpars\pages\add-product.php
2025-05-01 18:54:03 Error [2] foreach() argument must be of type array|object, null given on line 626 in file C:\xampp\htdocs\hesabpars\pages\add-product.php
2025-05-01 18:54:03 Error [2] foreach() argument must be of type array|object, null given on line 645 in file C:\xampp\htdocs\hesabpars\pages\add-product.php
2025-05-01 18:54:03 Error [2] foreach() argument must be of type array|object, null given on line 687 in file C:\xampp\htdocs\hesabpars\pages\add-product.php
2025-05-01 18:54:03 Error [2] foreach() argument must be of type array|object, null given on line 701 in file C:\xampp\htdocs\hesabpars\pages\add-product.php
2025-05-01 18:54:03 Error [2] foreach() argument must be of type array|object, null given on line 800 in file C:\xampp\htdocs\hesabpars\pages\add-product.php
2025-05-01 18:54:08 Error [8192] Creation of dynamic property ProductManager::$categories is deprecated on line 89 in file C:\xampp\htdocs\hesabpars\pages\add-product.php
2025-05-01 18:54:08 Error [2] Undefined property: ProductManager::$units on line 443 in file C:\xampp\htdocs\hesabpars\pages\add-product.php
2025-05-01 18:54:08 Error [2] Undefined property: ProductManager::$taxTypes on line 450 in file C:\xampp\htdocs\hesabpars\pages\add-product.php
2025-05-01 18:54:08 Error [2] Undefined property: ProductManager::$currencies on line 457 in file C:\xampp\htdocs\hesabpars\pages\add-product.php
2025-05-01 18:54:08 Error [2] foreach() argument must be of type array|object, null given on line 626 in file C:\xampp\htdocs\hesabpars\pages\add-product.php
2025-05-01 18:54:08 Error [2] foreach() argument must be of type array|object, null given on line 645 in file C:\xampp\htdocs\hesabpars\pages\add-product.php
2025-05-01 18:54:08 Error [2] foreach() argument must be of type array|object, null given on line 687 in file C:\xampp\htdocs\hesabpars\pages\add-product.php
2025-05-01 18:54:08 Error [2] foreach() argument must be of type array|object, null given on line 701 in file C:\xampp\htdocs\hesabpars\pages\add-product.php
2025-05-01 18:54:08 Error [2] foreach() argument must be of type array|object, null given on line 800 in file C:\xampp\htdocs\hesabpars\pages\add-product.php
2025-05-01 19:10:52 Exception: Call to undefined function checkPermission()
2025-05-01 19:10:54 Exception: Call to undefined function redirectIfNotLoggedIn()
2025-05-01 19:11:07 Exception: Call to undefined function checkPermission()
2025-05-01 19:12:02 Exception: Call to undefined function checkPermission()
