2025-05-01 19:13:40 Error [8] session_start(): Ignoring session_start() because a session is already active on line 22 in file C:\xampp\htdocs\hesabpars\index.php
2025-05-01 19:13:40 Error [2] require_once(pages/404.php): Failed to open stream: No such file or directory on line 63 in file C:\xampp\htdocs\hesabpars\index.php
2025-05-01 19:13:40 Exception: Failed opening required 'pages/404.php' (include_path='C:\xampp\php\PEAR') in C:\xampp\htdocs\hesabpars\index.php on line 63
2025-05-01 19:13:40 Error [8] session_start(): Ignoring session_start() because a session is already active on line 22 in file C:\xampp\htdocs\hesabpars\index.php
2025-05-01 19:13:40 Error [2] require_once(pages/404.php): Failed to open stream: No such file or directory on line 63 in file C:\xampp\htdocs\hesabpars\index.php
2025-05-01 19:13:40 Exception: Failed opening required 'pages/404.php' (include_path='C:\xampp\php\PEAR') in C:\xampp\htdocs\hesabpars\index.php on line 63
2025-05-01 19:13:40 Error [8] session_start(): Ignoring session_start() because a session is already active on line 22 in file C:\xampp\htdocs\hesabpars\index.php
2025-05-01 19:13:40 Error [2] require_once(pages/404.php): Failed to open stream: No such file or directory on line 63 in file C:\xampp\htdocs\hesabpars\index.php
2025-05-01 19:13:40 Exception: Failed opening required 'pages/404.php' (include_path='C:\xampp\php\PEAR') in C:\xampp\htdocs\hesabpars\index.php on line 63
2025-05-01 19:13:40 Error [8] session_start(): Ignoring session_start() because a session is already active on line 22 in file C:\xampp\htdocs\hesabpars\index.php
2025-05-01 19:13:40 Error [2] require_once(pages/404.php): Failed to open stream: No such file or directory on line 63 in file C:\xampp\htdocs\hesabpars\index.php
2025-05-01 19:13:40 Exception: Failed opening required 'pages/404.php' (include_path='C:\xampp\php\PEAR') in C:\xampp\htdocs\hesabpars\index.php on line 63
2025-05-01 19:13:40 Error [8] session_start(): Ignoring session_start() because a session is already active on line 22 in file C:\xampp\htdocs\hesabpars\index.php
2025-05-01 19:13:40 Error [2] require_once(pages/404.php): Failed to open stream: No such file or directory on line 63 in file C:\xampp\htdocs\hesabpars\index.php
2025-05-01 19:13:40 Exception: Failed opening required 'pages/404.php' (include_path='C:\xampp\php\PEAR') in C:\xampp\htdocs\hesabpars\index.php on line 63
2025-05-01 19:13:40 Error [8] session_start(): Ignoring session_start() because a session is already active on line 22 in file C:\xampp\htdocs\hesabpars\index.php
2025-05-01 19:13:40 Error [2] require_once(pages/404.php): Failed to open stream: No such file or directory on line 63 in file C:\xampp\htdocs\hesabpars\index.php
2025-05-01 19:13:40 Exception: Failed opening required 'pages/404.php' (include_path='C:\xampp\php\PEAR') in C:\xampp\htdocs\hesabpars\index.php on line 63
2025-05-01 19:13:40 Error [8] session_start(): Ignoring session_start() because a session is already active on line 22 in file C:\xampp\htdocs\hesabpars\index.php
2025-05-01 19:13:40 Error [2] require_once(pages/404.php): Failed to open stream: No such file or directory on line 63 in file C:\xampp\htdocs\hesabpars\index.php
2025-05-01 19:13:40 Exception: Failed opening required 'pages/404.php' (include_path='C:\xampp\php\PEAR') in C:\xampp\htdocs\hesabpars\index.php on line 63
2025-05-01 19:13:41 Error [8] session_start(): Ignoring session_start() because a session is already active on line 22 in file C:\xampp\htdocs\hesabpars\index.php
2025-05-01 19:13:41 Error [2] require_once(pages/404.php): Failed to open stream: No such file or directory on line 63 in file C:\xampp\htdocs\hesabpars\index.php
2025-05-01 19:13:41 Exception: Failed opening required 'pages/404.php' (include_path='C:\xampp\php\PEAR') in C:\xampp\htdocs\hesabpars\index.php on line 63
2025-05-01 19:13:41 Error [8] session_start(): Ignoring session_start() because a session is already active on line 22 in file C:\xampp\htdocs\hesabpars\index.php
2025-05-01 19:13:41 Error [2] require_once(pages/404.php): Failed to open stream: No such file or directory on line 63 in file C:\xampp\htdocs\hesabpars\index.php
2025-05-01 19:13:41 Exception: Failed opening required 'pages/404.php' (include_path='C:\xampp\php\PEAR') in C:\xampp\htdocs\hesabpars\index.php on line 63
2025-05-01 19:13:41 Error [8] session_start(): Ignoring session_start() because a session is already active on line 22 in file C:\xampp\htdocs\hesabpars\index.php
2025-05-01 19:13:41 Error [2] require_once(pages/404.php): Failed to open stream: No such file or directory on line 63 in file C:\xampp\htdocs\hesabpars\index.php
2025-05-01 19:13:41 Exception: Failed opening required 'pages/404.php' (include_path='C:\xampp\php\PEAR') in C:\xampp\htdocs\hesabpars\index.php on line 63
2025-05-01 19:13:41 Error [8] session_start(): Ignoring session_start() because a session is already active on line 22 in file C:\xampp\htdocs\hesabpars\index.php
2025-05-01 19:13:41 Error [2] require_once(pages/404.php): Failed to open stream: No such file or directory on line 63 in file C:\xampp\htdocs\hesabpars\index.php
2025-05-01 19:13:41 Exception: Failed opening required 'pages/404.php' (include_path='C:\xampp\php\PEAR') in C:\xampp\htdocs\hesabpars\index.php on line 63
2025-05-01 19:13:41 Error [8] session_start(): Ignoring session_start() because a session is already active on line 22 in file C:\xampp\htdocs\hesabpars\index.php
2025-05-01 19:13:41 Error [2] require_once(pages/404.php): Failed to open stream: No such file or directory on line 63 in file C:\xampp\htdocs\hesabpars\index.php
2025-05-01 19:13:41 Exception: Failed opening required 'pages/404.php' (include_path='C:\xampp\php\PEAR') in C:\xampp\htdocs\hesabpars\index.php on line 63
2025-05-01 19:13:41 Error [8] session_start(): Ignoring session_start() because a session is already active on line 22 in file C:\xampp\htdocs\hesabpars\index.php
2025-05-01 19:13:41 Error [2] require_once(pages/404.php): Failed to open stream: No such file or directory on line 63 in file C:\xampp\htdocs\hesabpars\index.php
2025-05-01 19:13:41 Exception: Failed opening required 'pages/404.php' (include_path='C:\xampp\php\PEAR') in C:\xampp\htdocs\hesabpars\index.php on line 63
2025-05-01 19:13:41 Error [8] session_start(): Ignoring session_start() because a session is already active on line 22 in file C:\xampp\htdocs\hesabpars\index.php
2025-05-01 19:13:41 Error [2] require_once(pages/404.php): Failed to open stream: No such file or directory on line 63 in file C:\xampp\htdocs\hesabpars\index.php
2025-05-01 19:13:41 Exception: Failed opening required 'pages/404.php' (include_path='C:\xampp\php\PEAR') in C:\xampp\htdocs\hesabpars\index.php on line 63
2025-05-01 19:13:41 Error [8] session_start(): Ignoring session_start() because a session is already active on line 22 in file C:\xampp\htdocs\hesabpars\index.php
2025-05-01 19:13:41 Error [2] require_once(pages/404.php): Failed to open stream: No such file or directory on line 63 in file C:\xampp\htdocs\hesabpars\index.php
2025-05-01 19:13:41 Exception: Failed opening required 'pages/404.php' (include_path='C:\xampp\php\PEAR') in C:\xampp\htdocs\hesabpars\index.php on line 63
2025-05-01 19:13:41 Error [8] session_start(): Ignoring session_start() because a session is already active on line 22 in file C:\xampp\htdocs\hesabpars\index.php
2025-05-01 19:13:41 Error [2] require_once(pages/404.php): Failed to open stream: No such file or directory on line 63 in file C:\xampp\htdocs\hesabpars\index.php
2025-05-01 19:13:41 Exception: Failed opening required 'pages/404.php' (include_path='C:\xampp\php\PEAR') in C:\xampp\htdocs\hesabpars\index.php on line 63
2025-05-01 19:13:41 Error [8] session_start(): Ignoring session_start() because a session is already active on line 22 in file C:\xampp\htdocs\hesabpars\index.php
2025-05-01 19:13:41 Error [2] require_once(pages/404.php): Failed to open stream: No such file or directory on line 63 in file C:\xampp\htdocs\hesabpars\index.php
2025-05-01 19:13:41 Exception: Failed opening required 'pages/404.php' (include_path='C:\xampp\php\PEAR') in C:\xampp\htdocs\hesabpars\index.php on line 63
2025-05-01 19:13:46 Error [8] session_start(): Ignoring session_start() because a session is already active on line 22 in file C:\xampp\htdocs\hesabpars\index.php
2025-05-01 19:13:46 Error [2] require_once(pages/404.php): Failed to open stream: No such file or directory on line 63 in file C:\xampp\htdocs\hesabpars\index.php
2025-05-01 19:13:46 Exception: Failed opening required 'pages/404.php' (include_path='C:\xampp\php\PEAR') in C:\xampp\htdocs\hesabpars\index.php on line 63
2025-05-01 19:13:46 Error [8] session_start(): Ignoring session_start() because a session is already active on line 22 in file C:\xampp\htdocs\hesabpars\index.php
2025-05-01 19:13:46 Error [2] require_once(pages/404.php): Failed to open stream: No such file or directory on line 63 in file C:\xampp\htdocs\hesabpars\index.php
2025-05-01 19:13:46 Exception: Failed opening required 'pages/404.php' (include_path='C:\xampp\php\PEAR') in C:\xampp\htdocs\hesabpars\index.php on line 63
2025-05-01 19:13:46 Error [8] session_start(): Ignoring session_start() because a session is already active on line 22 in file C:\xampp\htdocs\hesabpars\index.php
2025-05-01 19:13:46 Error [2] require_once(pages/404.php): Failed to open stream: No such file or directory on line 63 in file C:\xampp\htdocs\hesabpars\index.php
2025-05-01 19:13:46 Exception: Failed opening required 'pages/404.php' (include_path='C:\xampp\php\PEAR') in C:\xampp\htdocs\hesabpars\index.php on line 63
2025-05-01 19:13:46 Error [8] session_start(): Ignoring session_start() because a session is already active on line 22 in file C:\xampp\htdocs\hesabpars\index.php
2025-05-01 19:13:46 Error [2] require_once(pages/404.php): Failed to open stream: No such file or directory on line 63 in file C:\xampp\htdocs\hesabpars\index.php
2025-05-01 19:13:46 Exception: Failed opening required 'pages/404.php' (include_path='C:\xampp\php\PEAR') in C:\xampp\htdocs\hesabpars\index.php on line 63
2025-05-01 19:13:46 Error [8] session_start(): Ignoring session_start() because a session is already active on line 22 in file C:\xampp\htdocs\hesabpars\index.php
2025-05-01 19:13:46 Error [2] require_once(pages/404.php): Failed to open stream: No such file or directory on line 63 in file C:\xampp\htdocs\hesabpars\index.php
2025-05-01 19:13:46 Exception: Failed opening required 'pages/404.php' (include_path='C:\xampp\php\PEAR') in C:\xampp\htdocs\hesabpars\index.php on line 63
2025-05-01 19:13:46 Error [8] session_start(): Ignoring session_start() because a session is already active on line 22 in file C:\xampp\htdocs\hesabpars\index.php
2025-05-01 19:13:46 Error [2] require_once(pages/404.php): Failed to open stream: No such file or directory on line 63 in file C:\xampp\htdocs\hesabpars\index.php
2025-05-01 19:13:46 Exception: Failed opening required 'pages/404.php' (include_path='C:\xampp\php\PEAR') in C:\xampp\htdocs\hesabpars\index.php on line 63
2025-05-01 19:13:46 Error [8] session_start(): Ignoring session_start() because a session is already active on line 22 in file C:\xampp\htdocs\hesabpars\index.php
2025-05-01 19:13:46 Error [2] require_once(pages/404.php): Failed to open stream: No such file or directory on line 63 in file C:\xampp\htdocs\hesabpars\index.php
2025-05-01 19:13:46 Exception: Failed opening required 'pages/404.php' (include_path='C:\xampp\php\PEAR') in C:\xampp\htdocs\hesabpars\index.php on line 63
2025-05-01 19:13:47 Error [8] session_start(): Ignoring session_start() because a session is already active on line 22 in file C:\xampp\htdocs\hesabpars\index.php
2025-05-01 19:13:47 Error [2] require_once(pages/404.php): Failed to open stream: No such file or directory on line 63 in file C:\xampp\htdocs\hesabpars\index.php
2025-05-01 19:13:47 Exception: Failed opening required 'pages/404.php' (include_path='C:\xampp\php\PEAR') in C:\xampp\htdocs\hesabpars\index.php on line 63
2025-05-01 19:13:47 Error [8] session_start(): Ignoring session_start() because a session is already active on line 22 in file C:\xampp\htdocs\hesabpars\index.php
2025-05-01 19:13:47 Error [2] require_once(pages/404.php): Failed to open stream: No such file or directory on line 63 in file C:\xampp\htdocs\hesabpars\index.php
2025-05-01 19:13:47 Exception: Failed opening required 'pages/404.php' (include_path='C:\xampp\php\PEAR') in C:\xampp\htdocs\hesabpars\index.php on line 63
2025-05-01 19:13:47 Error [8] session_start(): Ignoring session_start() because a session is already active on line 22 in file C:\xampp\htdocs\hesabpars\index.php
2025-05-01 19:13:47 Error [2] require_once(pages/404.php): Failed to open stream: No such file or directory on line 63 in file C:\xampp\htdocs\hesabpars\index.php
2025-05-01 19:13:47 Exception: Failed opening required 'pages/404.php' (include_path='C:\xampp\php\PEAR') in C:\xampp\htdocs\hesabpars\index.php on line 63
2025-05-01 19:13:47 Error [8] session_start(): Ignoring session_start() because a session is already active on line 22 in file C:\xampp\htdocs\hesabpars\index.php
2025-05-01 19:13:47 Error [2] require_once(pages/404.php): Failed to open stream: No such file or directory on line 63 in file C:\xampp\htdocs\hesabpars\index.php
2025-05-01 19:13:47 Exception: Failed opening required 'pages/404.php' (include_path='C:\xampp\php\PEAR') in C:\xampp\htdocs\hesabpars\index.php on line 63
2025-05-01 19:13:47 Error [8] session_start(): Ignoring session_start() because a session is already active on line 22 in file C:\xampp\htdocs\hesabpars\index.php
2025-05-01 19:13:47 Error [2] require_once(pages/404.php): Failed to open stream: No such file or directory on line 63 in file C:\xampp\htdocs\hesabpars\index.php
2025-05-01 19:13:47 Exception: Failed opening required 'pages/404.php' (include_path='C:\xampp\php\PEAR') in C:\xampp\htdocs\hesabpars\index.php on line 63
2025-05-01 19:13:47 Error [8] session_start(): Ignoring session_start() because a session is already active on line 22 in file C:\xampp\htdocs\hesabpars\index.php
2025-05-01 19:13:47 Error [2] require_once(pages/404.php): Failed to open stream: No such file or directory on line 63 in file C:\xampp\htdocs\hesabpars\index.php
2025-05-01 19:13:47 Exception: Failed opening required 'pages/404.php' (include_path='C:\xampp\php\PEAR') in C:\xampp\htdocs\hesabpars\index.php on line 63
2025-05-01 19:13:47 Error [8] session_start(): Ignoring session_start() because a session is already active on line 22 in file C:\xampp\htdocs\hesabpars\index.php
2025-05-01 19:13:47 Error [2] require_once(pages/404.php): Failed to open stream: No such file or directory on line 63 in file C:\xampp\htdocs\hesabpars\index.php
2025-05-01 19:13:47 Exception: Failed opening required 'pages/404.php' (include_path='C:\xampp\php\PEAR') in C:\xampp\htdocs\hesabpars\index.php on line 63
2025-05-01 19:13:47 Error [8] session_start(): Ignoring session_start() because a session is already active on line 22 in file C:\xampp\htdocs\hesabpars\index.php
2025-05-01 19:13:47 Error [2] require_once(pages/404.php): Failed to open stream: No such file or directory on line 63 in file C:\xampp\htdocs\hesabpars\index.php
2025-05-01 19:13:47 Exception: Failed opening required 'pages/404.php' (include_path='C:\xampp\php\PEAR') in C:\xampp\htdocs\hesabpars\index.php on line 63
2025-05-01 19:13:47 Error [8] session_start(): Ignoring session_start() because a session is already active on line 22 in file C:\xampp\htdocs\hesabpars\index.php
2025-05-01 19:13:47 Error [2] require_once(pages/404.php): Failed to open stream: No such file or directory on line 63 in file C:\xampp\htdocs\hesabpars\index.php
2025-05-01 19:13:47 Exception: Failed opening required 'pages/404.php' (include_path='C:\xampp\php\PEAR') in C:\xampp\htdocs\hesabpars\index.php on line 63
2025-05-01 19:13:47 Error [8] session_start(): Ignoring session_start() because a session is already active on line 22 in file C:\xampp\htdocs\hesabpars\index.php
2025-05-01 19:13:47 Error [2] require_once(pages/404.php): Failed to open stream: No such file or directory on line 63 in file C:\xampp\htdocs\hesabpars\index.php
2025-05-01 19:13:47 Exception: Failed opening required 'pages/404.php' (include_path='C:\xampp\php\PEAR') in C:\xampp\htdocs\hesabpars\index.php on line 63
2025-05-01 19:14:01 Error [8] session_start(): Ignoring session_start() because a session is already active on line 22 in file C:\xampp\htdocs\hesabpars\index.php
2025-05-01 19:14:01 Error [2] require_once(pages/404.php): Failed to open stream: No such file or directory on line 63 in file C:\xampp\htdocs\hesabpars\index.php
2025-05-01 19:14:01 Exception: Failed opening required 'pages/404.php' (include_path='C:\xampp\php\PEAR') in C:\xampp\htdocs\hesabpars\index.php on line 63
2025-05-01 19:14:01 Error [8] session_start(): Ignoring session_start() because a session is already active on line 22 in file C:\xampp\htdocs\hesabpars\index.php
2025-05-01 19:14:01 Error [2] require_once(pages/404.php): Failed to open stream: No such file or directory on line 63 in file C:\xampp\htdocs\hesabpars\index.php
2025-05-01 19:14:01 Exception: Failed opening required 'pages/404.php' (include_path='C:\xampp\php\PEAR') in C:\xampp\htdocs\hesabpars\index.php on line 63
2025-05-01 19:14:01 Error [8] session_start(): Ignoring session_start() because a session is already active on line 22 in file C:\xampp\htdocs\hesabpars\index.php
2025-05-01 19:14:01 Error [2] require_once(pages/404.php): Failed to open stream: No such file or directory on line 63 in file C:\xampp\htdocs\hesabpars\index.php
2025-05-01 19:14:01 Exception: Failed opening required 'pages/404.php' (include_path='C:\xampp\php\PEAR') in C:\xampp\htdocs\hesabpars\index.php on line 63
2025-05-01 19:14:01 Error [8] session_start(): Ignoring session_start() because a session is already active on line 22 in file C:\xampp\htdocs\hesabpars\index.php
2025-05-01 19:14:01 Error [2] require_once(pages/404.php): Failed to open stream: No such file or directory on line 63 in file C:\xampp\htdocs\hesabpars\index.php
2025-05-01 19:14:01 Exception: Failed opening required 'pages/404.php' (include_path='C:\xampp\php\PEAR') in C:\xampp\htdocs\hesabpars\index.php on line 63
2025-05-01 19:14:01 Error [8] session_start(): Ignoring session_start() because a session is already active on line 22 in file C:\xampp\htdocs\hesabpars\index.php
2025-05-01 19:14:01 Error [2] require_once(pages/404.php): Failed to open stream: No such file or directory on line 63 in file C:\xampp\htdocs\hesabpars\index.php
2025-05-01 19:14:01 Exception: Failed opening required 'pages/404.php' (include_path='C:\xampp\php\PEAR') in C:\xampp\htdocs\hesabpars\index.php on line 63
2025-05-01 19:14:01 Error [8] session_start(): Ignoring session_start() because a session is already active on line 22 in file C:\xampp\htdocs\hesabpars\index.php
2025-05-01 19:14:01 Error [2] require_once(pages/404.php): Failed to open stream: No such file or directory on line 63 in file C:\xampp\htdocs\hesabpars\index.php
2025-05-01 19:14:01 Exception: Failed opening required 'pages/404.php' (include_path='C:\xampp\php\PEAR') in C:\xampp\htdocs\hesabpars\index.php on line 63
2025-05-01 19:14:01 Error [8] session_start(): Ignoring session_start() because a session is already active on line 22 in file C:\xampp\htdocs\hesabpars\index.php
2025-05-01 19:14:01 Error [2] require_once(pages/404.php): Failed to open stream: No such file or directory on line 63 in file C:\xampp\htdocs\hesabpars\index.php
2025-05-01 19:14:01 Exception: Failed opening required 'pages/404.php' (include_path='C:\xampp\php\PEAR') in C:\xampp\htdocs\hesabpars\index.php on line 63
2025-05-01 19:14:02 Error [8] session_start(): Ignoring session_start() because a session is already active on line 22 in file C:\xampp\htdocs\hesabpars\index.php
2025-05-01 19:14:02 Error [2] require_once(pages/404.php): Failed to open stream: No such file or directory on line 63 in file C:\xampp\htdocs\hesabpars\index.php
2025-05-01 19:14:02 Exception: Failed opening required 'pages/404.php' (include_path='C:\xampp\php\PEAR') in C:\xampp\htdocs\hesabpars\index.php on line 63
2025-05-01 19:14:02 Error [8] session_start(): Ignoring session_start() because a session is already active on line 22 in file C:\xampp\htdocs\hesabpars\index.php
2025-05-01 19:14:02 Error [2] require_once(pages/404.php): Failed to open stream: No such file or directory on line 63 in file C:\xampp\htdocs\hesabpars\index.php
2025-05-01 19:14:02 Exception: Failed opening required 'pages/404.php' (include_path='C:\xampp\php\PEAR') in C:\xampp\htdocs\hesabpars\index.php on line 63
2025-05-01 19:14:02 Error [8] session_start(): Ignoring session_start() because a session is already active on line 22 in file C:\xampp\htdocs\hesabpars\index.php
2025-05-01 19:14:02 Error [2] require_once(pages/404.php): Failed to open stream: No such file or directory on line 63 in file C:\xampp\htdocs\hesabpars\index.php
2025-05-01 19:14:02 Exception: Failed opening required 'pages/404.php' (include_path='C:\xampp\php\PEAR') in C:\xampp\htdocs\hesabpars\index.php on line 63
2025-05-01 19:14:02 Error [8] session_start(): Ignoring session_start() because a session is already active on line 22 in file C:\xampp\htdocs\hesabpars\index.php
2025-05-01 19:14:02 Error [2] require_once(pages/404.php): Failed to open stream: No such file or directory on line 63 in file C:\xampp\htdocs\hesabpars\index.php
2025-05-01 19:14:02 Exception: Failed opening required 'pages/404.php' (include_path='C:\xampp\php\PEAR') in C:\xampp\htdocs\hesabpars\index.php on line 63
2025-05-01 19:14:02 Error [8] session_start(): Ignoring session_start() because a session is already active on line 22 in file C:\xampp\htdocs\hesabpars\index.php
2025-05-01 19:14:02 Error [2] require_once(pages/404.php): Failed to open stream: No such file or directory on line 63 in file C:\xampp\htdocs\hesabpars\index.php
2025-05-01 19:14:02 Exception: Failed opening required 'pages/404.php' (include_path='C:\xampp\php\PEAR') in C:\xampp\htdocs\hesabpars\index.php on line 63
2025-05-01 19:14:02 Error [8] session_start(): Ignoring session_start() because a session is already active on line 22 in file C:\xampp\htdocs\hesabpars\index.php
2025-05-01 19:14:02 Error [2] require_once(pages/404.php): Failed to open stream: No such file or directory on line 63 in file C:\xampp\htdocs\hesabpars\index.php
2025-05-01 19:14:02 Exception: Failed opening required 'pages/404.php' (include_path='C:\xampp\php\PEAR') in C:\xampp\htdocs\hesabpars\index.php on line 63
2025-05-01 19:14:02 Error [8] session_start(): Ignoring session_start() because a session is already active on line 22 in file C:\xampp\htdocs\hesabpars\index.php
2025-05-01 19:14:02 Error [2] require_once(pages/404.php): Failed to open stream: No such file or directory on line 63 in file C:\xampp\htdocs\hesabpars\index.php
2025-05-01 19:14:02 Exception: Failed opening required 'pages/404.php' (include_path='C:\xampp\php\PEAR') in C:\xampp\htdocs\hesabpars\index.php on line 63
2025-05-01 19:14:02 Error [8] session_start(): Ignoring session_start() because a session is already active on line 22 in file C:\xampp\htdocs\hesabpars\index.php
2025-05-01 19:14:02 Error [2] require_once(pages/404.php): Failed to open stream: No such file or directory on line 63 in file C:\xampp\htdocs\hesabpars\index.php
2025-05-01 19:14:02 Exception: Failed opening required 'pages/404.php' (include_path='C:\xampp\php\PEAR') in C:\xampp\htdocs\hesabpars\index.php on line 63
2025-05-01 19:14:02 Error [8] session_start(): Ignoring session_start() because a session is already active on line 22 in file C:\xampp\htdocs\hesabpars\index.php
2025-05-01 19:14:02 Error [2] require_once(pages/404.php): Failed to open stream: No such file or directory on line 63 in file C:\xampp\htdocs\hesabpars\index.php
2025-05-01 19:14:02 Exception: Failed opening required 'pages/404.php' (include_path='C:\xampp\php\PEAR') in C:\xampp\htdocs\hesabpars\index.php on line 63
2025-05-01 19:14:02 Error [8] session_start(): Ignoring session_start() because a session is already active on line 22 in file C:\xampp\htdocs\hesabpars\index.php
2025-05-01 19:14:02 Error [2] require_once(pages/404.php): Failed to open stream: No such file or directory on line 63 in file C:\xampp\htdocs\hesabpars\index.php
2025-05-01 19:14:02 Exception: Failed opening required 'pages/404.php' (include_path='C:\xampp\php\PEAR') in C:\xampp\htdocs\hesabpars\index.php on line 63
2025-05-01 19:14:04 Error [8] session_start(): Ignoring session_start() because a session is already active on line 22 in file C:\xampp\htdocs\hesabpars\index.php
2025-05-01 19:14:04 Error [2] require_once(pages/404.php): Failed to open stream: No such file or directory on line 63 in file C:\xampp\htdocs\hesabpars\index.php
2025-05-01 19:14:04 Exception: Failed opening required 'pages/404.php' (include_path='C:\xampp\php\PEAR') in C:\xampp\htdocs\hesabpars\index.php on line 63
2025-05-01 19:14:05 Error [8] session_start(): Ignoring session_start() because a session is already active on line 22 in file C:\xampp\htdocs\hesabpars\index.php
2025-05-01 19:14:05 Error [2] require_once(pages/404.php): Failed to open stream: No such file or directory on line 63 in file C:\xampp\htdocs\hesabpars\index.php
2025-05-01 19:14:05 Exception: Failed opening required 'pages/404.php' (include_path='C:\xampp\php\PEAR') in C:\xampp\htdocs\hesabpars\index.php on line 63
2025-05-01 19:14:07 Error [8] session_start(): Ignoring session_start() because a session is already active on line 22 in file C:\xampp\htdocs\hesabpars\index.php
2025-05-01 19:14:07 Error [2] require_once(pages/404.php): Failed to open stream: No such file or directory on line 63 in file C:\xampp\htdocs\hesabpars\index.php
2025-05-01 19:14:07 Exception: Failed opening required 'pages/404.php' (include_path='C:\xampp\php\PEAR') in C:\xampp\htdocs\hesabpars\index.php on line 63
2025-05-01 19:14:12 Error [8] session_start(): Ignoring session_start() because a session is already active on line 22 in file C:\xampp\htdocs\hesabpars\index.php
2025-05-01 19:14:12 Error [2] require_once(pages/404.php): Failed to open stream: No such file or directory on line 63 in file C:\xampp\htdocs\hesabpars\index.php
2025-05-01 19:14:12 Exception: Failed opening required 'pages/404.php' (include_path='C:\xampp\php\PEAR') in C:\xampp\htdocs\hesabpars\index.php on line 63
2025-05-01 19:14:12 Error [8] session_start(): Ignoring session_start() because a session is already active on line 22 in file C:\xampp\htdocs\hesabpars\index.php
2025-05-01 19:14:12 Error [2] require_once(pages/404.php): Failed to open stream: No such file or directory on line 63 in file C:\xampp\htdocs\hesabpars\index.php
2025-05-01 19:14:12 Exception: Failed opening required 'pages/404.php' (include_path='C:\xampp\php\PEAR') in C:\xampp\htdocs\hesabpars\index.php on line 63
2025-05-01 19:14:12 Error [8] session_start(): Ignoring session_start() because a session is already active on line 22 in file C:\xampp\htdocs\hesabpars\index.php
2025-05-01 19:14:12 Error [2] require_once(pages/404.php): Failed to open stream: No such file or directory on line 63 in file C:\xampp\htdocs\hesabpars\index.php
2025-05-01 19:14:12 Exception: Failed opening required 'pages/404.php' (include_path='C:\xampp\php\PEAR') in C:\xampp\htdocs\hesabpars\index.php on line 63
2025-05-01 19:14:12 Error [8] session_start(): Ignoring session_start() because a session is already active on line 22 in file C:\xampp\htdocs\hesabpars\index.php
2025-05-01 19:14:12 Error [2] require_once(pages/404.php): Failed to open stream: No such file or directory on line 63 in file C:\xampp\htdocs\hesabpars\index.php
2025-05-01 19:14:12 Exception: Failed opening required 'pages/404.php' (include_path='C:\xampp\php\PEAR') in C:\xampp\htdocs\hesabpars\index.php on line 63
2025-05-01 19:14:12 Error [8] session_start(): Ignoring session_start() because a session is already active on line 22 in file C:\xampp\htdocs\hesabpars\index.php
2025-05-01 19:14:12 Error [2] require_once(pages/404.php): Failed to open stream: No such file or directory on line 63 in file C:\xampp\htdocs\hesabpars\index.php
2025-05-01 19:14:12 Exception: Failed opening required 'pages/404.php' (include_path='C:\xampp\php\PEAR') in C:\xampp\htdocs\hesabpars\index.php on line 63
2025-05-01 19:14:12 Error [8] session_start(): Ignoring session_start() because a session is already active on line 22 in file C:\xampp\htdocs\hesabpars\index.php
2025-05-01 19:14:12 Error [2] require_once(pages/404.php): Failed to open stream: No such file or directory on line 63 in file C:\xampp\htdocs\hesabpars\index.php
2025-05-01 19:14:12 Exception: Failed opening required 'pages/404.php' (include_path='C:\xampp\php\PEAR') in C:\xampp\htdocs\hesabpars\index.php on line 63
2025-05-01 19:14:12 Error [8] session_start(): Ignoring session_start() because a session is already active on line 22 in file C:\xampp\htdocs\hesabpars\index.php
2025-05-01 19:14:12 Error [2] require_once(pages/404.php): Failed to open stream: No such file or directory on line 63 in file C:\xampp\htdocs\hesabpars\index.php
2025-05-01 19:14:12 Exception: Failed opening required 'pages/404.php' (include_path='C:\xampp\php\PEAR') in C:\xampp\htdocs\hesabpars\index.php on line 63
2025-05-01 19:14:13 Error [8] session_start(): Ignoring session_start() because a session is already active on line 22 in file C:\xampp\htdocs\hesabpars\index.php
2025-05-01 19:14:13 Error [2] require_once(pages/404.php): Failed to open stream: No such file or directory on line 63 in file C:\xampp\htdocs\hesabpars\index.php
2025-05-01 19:14:13 Exception: Failed opening required 'pages/404.php' (include_path='C:\xampp\php\PEAR') in C:\xampp\htdocs\hesabpars\index.php on line 63
2025-05-01 19:14:13 Error [8] session_start(): Ignoring session_start() because a session is already active on line 22 in file C:\xampp\htdocs\hesabpars\index.php
2025-05-01 19:14:13 Error [2] require_once(pages/404.php): Failed to open stream: No such file or directory on line 63 in file C:\xampp\htdocs\hesabpars\index.php
2025-05-01 19:14:13 Exception: Failed opening required 'pages/404.php' (include_path='C:\xampp\php\PEAR') in C:\xampp\htdocs\hesabpars\index.php on line 63
2025-05-01 19:14:13 Error [8] session_start(): Ignoring session_start() because a session is already active on line 22 in file C:\xampp\htdocs\hesabpars\index.php
2025-05-01 19:14:13 Error [2] require_once(pages/404.php): Failed to open stream: No such file or directory on line 63 in file C:\xampp\htdocs\hesabpars\index.php
2025-05-01 19:14:13 Exception: Failed opening required 'pages/404.php' (include_path='C:\xampp\php\PEAR') in C:\xampp\htdocs\hesabpars\index.php on line 63
2025-05-01 19:14:13 Error [8] session_start(): Ignoring session_start() because a session is already active on line 22 in file C:\xampp\htdocs\hesabpars\index.php
2025-05-01 19:14:13 Error [2] require_once(pages/404.php): Failed to open stream: No such file or directory on line 63 in file C:\xampp\htdocs\hesabpars\index.php
2025-05-01 19:14:13 Exception: Failed opening required 'pages/404.php' (include_path='C:\xampp\php\PEAR') in C:\xampp\htdocs\hesabpars\index.php on line 63
2025-05-01 19:14:13 Error [8] session_start(): Ignoring session_start() because a session is already active on line 22 in file C:\xampp\htdocs\hesabpars\index.php
2025-05-01 19:14:13 Error [2] require_once(pages/404.php): Failed to open stream: No such file or directory on line 63 in file C:\xampp\htdocs\hesabpars\index.php
2025-05-01 19:14:13 Exception: Failed opening required 'pages/404.php' (include_path='C:\xampp\php\PEAR') in C:\xampp\htdocs\hesabpars\index.php on line 63
2025-05-01 19:14:13 Error [8] session_start(): Ignoring session_start() because a session is already active on line 22 in file C:\xampp\htdocs\hesabpars\index.php
2025-05-01 19:14:13 Error [2] require_once(pages/404.php): Failed to open stream: No such file or directory on line 63 in file C:\xampp\htdocs\hesabpars\index.php
2025-05-01 19:14:13 Exception: Failed opening required 'pages/404.php' (include_path='C:\xampp\php\PEAR') in C:\xampp\htdocs\hesabpars\index.php on line 63
2025-05-01 19:14:13 Error [8] session_start(): Ignoring session_start() because a session is already active on line 22 in file C:\xampp\htdocs\hesabpars\index.php
2025-05-01 19:14:13 Error [2] require_once(pages/404.php): Failed to open stream: No such file or directory on line 63 in file C:\xampp\htdocs\hesabpars\index.php
2025-05-01 19:14:13 Exception: Failed opening required 'pages/404.php' (include_path='C:\xampp\php\PEAR') in C:\xampp\htdocs\hesabpars\index.php on line 63
2025-05-01 19:14:13 Error [8] session_start(): Ignoring session_start() because a session is already active on line 22 in file C:\xampp\htdocs\hesabpars\index.php
2025-05-01 19:14:13 Error [2] require_once(pages/404.php): Failed to open stream: No such file or directory on line 63 in file C:\xampp\htdocs\hesabpars\index.php
2025-05-01 19:14:13 Exception: Failed opening required 'pages/404.php' (include_path='C:\xampp\php\PEAR') in C:\xampp\htdocs\hesabpars\index.php on line 63
2025-05-01 19:14:13 Error [8] session_start(): Ignoring session_start() because a session is already active on line 22 in file C:\xampp\htdocs\hesabpars\index.php
2025-05-01 19:14:13 Error [2] require_once(pages/404.php): Failed to open stream: No such file or directory on line 63 in file C:\xampp\htdocs\hesabpars\index.php
2025-05-01 19:14:13 Exception: Failed opening required 'pages/404.php' (include_path='C:\xampp\php\PEAR') in C:\xampp\htdocs\hesabpars\index.php on line 63
2025-05-01 19:14:13 Error [8] session_start(): Ignoring session_start() because a session is already active on line 22 in file C:\xampp\htdocs\hesabpars\index.php
2025-05-01 19:14:13 Error [2] require_once(pages/404.php): Failed to open stream: No such file or directory on line 63 in file C:\xampp\htdocs\hesabpars\index.php
2025-05-01 19:14:13 Exception: Failed opening required 'pages/404.php' (include_path='C:\xampp\php\PEAR') in C:\xampp\htdocs\hesabpars\index.php on line 63
2025-05-01 19:16:03 Error [2] ini_set(): Session ini settings cannot be changed when a session is active on line 192 in file C:\xampp\htdocs\hesabpars\includes\config.php
2025-05-01 19:16:03 Error [2] ini_set(): Session ini settings cannot be changed when a session is active on line 193 in file C:\xampp\htdocs\hesabpars\includes\config.php
2025-05-01 19:16:03 Error [2] ini_set(): Session ini settings cannot be changed when a session is active on line 194 in file C:\xampp\htdocs\hesabpars\includes\config.php
2025-05-01 19:16:03 Error [2] ini_set(): Session ini settings cannot be changed when a session is active on line 195 in file C:\xampp\htdocs\hesabpars\includes\config.php
2025-05-01 19:16:03 Error [2] ini_set(): Session ini settings cannot be changed when a session is active on line 196 in file C:\xampp\htdocs\hesabpars\includes\config.php
2025-05-01 19:16:03 Error [2] ini_set(): Session ini settings cannot be changed when a session is active on line 192 in file C:\xampp\htdocs\hesabpars\includes\config.php
2025-05-01 19:16:03 Error [2] ini_set(): Session ini settings cannot be changed when a session is active on line 193 in file C:\xampp\htdocs\hesabpars\includes\config.php
2025-05-01 19:16:03 Error [2] ini_set(): Session ini settings cannot be changed when a session is active on line 194 in file C:\xampp\htdocs\hesabpars\includes\config.php
2025-05-01 19:16:03 Error [2] ini_set(): Session ini settings cannot be changed when a session is active on line 195 in file C:\xampp\htdocs\hesabpars\includes\config.php
2025-05-01 19:16:03 Error [2] ini_set(): Session ini settings cannot be changed when a session is active on line 196 in file C:\xampp\htdocs\hesabpars\includes\config.php
2025-05-01 19:16:03 Error [8] session_start(): Ignoring session_start() because a session is already active on line 22 in file C:\xampp\htdocs\hesabpars\index.php
2025-05-01 19:16:03 Error [2] require_once(pages/404.php): Failed to open stream: No such file or directory on line 63 in file C:\xampp\htdocs\hesabpars\index.php
2025-05-01 19:16:03 Exception: Failed opening required 'pages/404.php' (include_path='C:\xampp\php\PEAR') in C:\xampp\htdocs\hesabpars\index.php on line 63
2025-05-01 19:16:03 Error [2] ini_set(): Session ini settings cannot be changed when a session is active on line 192 in file C:\xampp\htdocs\hesabpars\includes\config.php
2025-05-01 19:16:03 Error [2] ini_set(): Session ini settings cannot be changed when a session is active on line 193 in file C:\xampp\htdocs\hesabpars\includes\config.php
2025-05-01 19:16:03 Error [2] ini_set(): Session ini settings cannot be changed when a session is active on line 194 in file C:\xampp\htdocs\hesabpars\includes\config.php
2025-05-01 19:16:03 Error [2] ini_set(): Session ini settings cannot be changed when a session is active on line 195 in file C:\xampp\htdocs\hesabpars\includes\config.php
2025-05-01 19:16:03 Error [2] ini_set(): Session ini settings cannot be changed when a session is active on line 196 in file C:\xampp\htdocs\hesabpars\includes\config.php
2025-05-01 19:16:03 Error [8] session_start(): Ignoring session_start() because a session is already active on line 22 in file C:\xampp\htdocs\hesabpars\index.php
2025-05-01 19:16:03 Error [2] require_once(pages/404.php): Failed to open stream: No such file or directory on line 63 in file C:\xampp\htdocs\hesabpars\index.php
2025-05-01 19:16:03 Exception: Failed opening required 'pages/404.php' (include_path='C:\xampp\php\PEAR') in C:\xampp\htdocs\hesabpars\index.php on line 63
2025-05-01 19:16:03 Error [2] ini_set(): Session ini settings cannot be changed when a session is active on line 192 in file C:\xampp\htdocs\hesabpars\includes\config.php
2025-05-01 19:16:03 Error [2] ini_set(): Session ini settings cannot be changed when a session is active on line 193 in file C:\xampp\htdocs\hesabpars\includes\config.php
2025-05-01 19:16:03 Error [2] ini_set(): Session ini settings cannot be changed when a session is active on line 194 in file C:\xampp\htdocs\hesabpars\includes\config.php
2025-05-01 19:16:03 Error [2] ini_set(): Session ini settings cannot be changed when a session is active on line 195 in file C:\xampp\htdocs\hesabpars\includes\config.php
2025-05-01 19:16:03 Error [2] ini_set(): Session ini settings cannot be changed when a session is active on line 196 in file C:\xampp\htdocs\hesabpars\includes\config.php
2025-05-01 19:16:03 Error [8] session_start(): Ignoring session_start() because a session is already active on line 22 in file C:\xampp\htdocs\hesabpars\index.php
2025-05-01 19:16:03 Error [2] require_once(pages/404.php): Failed to open stream: No such file or directory on line 63 in file C:\xampp\htdocs\hesabpars\index.php
2025-05-01 19:16:03 Exception: Failed opening required 'pages/404.php' (include_path='C:\xampp\php\PEAR') in C:\xampp\htdocs\hesabpars\index.php on line 63
2025-05-01 19:16:03 Error [2] ini_set(): Session ini settings cannot be changed when a session is active on line 192 in file C:\xampp\htdocs\hesabpars\includes\config.php
2025-05-01 19:16:03 Error [2] ini_set(): Session ini settings cannot be changed when a session is active on line 193 in file C:\xampp\htdocs\hesabpars\includes\config.php
2025-05-01 19:16:03 Error [2] ini_set(): Session ini settings cannot be changed when a session is active on line 194 in file C:\xampp\htdocs\hesabpars\includes\config.php
2025-05-01 19:16:03 Error [2] ini_set(): Session ini settings cannot be changed when a session is active on line 195 in file C:\xampp\htdocs\hesabpars\includes\config.php
2025-05-01 19:16:03 Error [2] ini_set(): Session ini settings cannot be changed when a session is active on line 196 in file C:\xampp\htdocs\hesabpars\includes\config.php
2025-05-01 19:16:03 Error [8] session_start(): Ignoring session_start() because a session is already active on line 22 in file C:\xampp\htdocs\hesabpars\index.php
2025-05-01 19:16:03 Error [2] require_once(pages/404.php): Failed to open stream: No such file or directory on line 63 in file C:\xampp\htdocs\hesabpars\index.php
2025-05-01 19:16:03 Exception: Failed opening required 'pages/404.php' (include_path='C:\xampp\php\PEAR') in C:\xampp\htdocs\hesabpars\index.php on line 63
2025-05-01 19:16:03 Error [2] ini_set(): Session ini settings cannot be changed when a session is active on line 192 in file C:\xampp\htdocs\hesabpars\includes\config.php
2025-05-01 19:16:03 Error [2] ini_set(): Session ini settings cannot be changed when a session is active on line 193 in file C:\xampp\htdocs\hesabpars\includes\config.php
2025-05-01 19:16:03 Error [2] ini_set(): Session ini settings cannot be changed when a session is active on line 194 in file C:\xampp\htdocs\hesabpars\includes\config.php
2025-05-01 19:16:03 Error [2] ini_set(): Session ini settings cannot be changed when a session is active on line 195 in file C:\xampp\htdocs\hesabpars\includes\config.php
2025-05-01 19:16:03 Error [2] ini_set(): Session ini settings cannot be changed when a session is active on line 196 in file C:\xampp\htdocs\hesabpars\includes\config.php
2025-05-01 19:16:03 Error [8] session_start(): Ignoring session_start() because a session is already active on line 22 in file C:\xampp\htdocs\hesabpars\index.php
2025-05-01 19:16:03 Error [2] require_once(pages/404.php): Failed to open stream: No such file or directory on line 63 in file C:\xampp\htdocs\hesabpars\index.php
2025-05-01 19:16:03 Exception: Failed opening required 'pages/404.php' (include_path='C:\xampp\php\PEAR') in C:\xampp\htdocs\hesabpars\index.php on line 63
2025-05-01 19:16:03 Error [2] ini_set(): Session ini settings cannot be changed when a session is active on line 192 in file C:\xampp\htdocs\hesabpars\includes\config.php
2025-05-01 19:16:03 Error [2] ini_set(): Session ini settings cannot be changed when a session is active on line 193 in file C:\xampp\htdocs\hesabpars\includes\config.php
2025-05-01 19:16:03 Error [2] ini_set(): Session ini settings cannot be changed when a session is active on line 194 in file C:\xampp\htdocs\hesabpars\includes\config.php
2025-05-01 19:16:03 Error [2] ini_set(): Session ini settings cannot be changed when a session is active on line 195 in file C:\xampp\htdocs\hesabpars\includes\config.php
2025-05-01 19:16:03 Error [2] ini_set(): Session ini settings cannot be changed when a session is active on line 196 in file C:\xampp\htdocs\hesabpars\includes\config.php
2025-05-01 19:16:03 Error [8] session_start(): Ignoring session_start() because a session is already active on line 22 in file C:\xampp\htdocs\hesabpars\index.php
2025-05-01 19:16:03 Error [2] require_once(pages/404.php): Failed to open stream: No such file or directory on line 63 in file C:\xampp\htdocs\hesabpars\index.php
2025-05-01 19:16:03 Exception: Failed opening required 'pages/404.php' (include_path='C:\xampp\php\PEAR') in C:\xampp\htdocs\hesabpars\index.php on line 63
2025-05-01 19:16:03 Error [2] ini_set(): Session ini settings cannot be changed when a session is active on line 192 in file C:\xampp\htdocs\hesabpars\includes\config.php
2025-05-01 19:16:03 Error [2] ini_set(): Session ini settings cannot be changed when a session is active on line 193 in file C:\xampp\htdocs\hesabpars\includes\config.php
2025-05-01 19:16:03 Error [2] ini_set(): Session ini settings cannot be changed when a session is active on line 194 in file C:\xampp\htdocs\hesabpars\includes\config.php
2025-05-01 19:16:03 Error [2] ini_set(): Session ini settings cannot be changed when a session is active on line 195 in file C:\xampp\htdocs\hesabpars\includes\config.php
2025-05-01 19:16:03 Error [2] ini_set(): Session ini settings cannot be changed when a session is active on line 196 in file C:\xampp\htdocs\hesabpars\includes\config.php
2025-05-01 19:16:03 Error [8] session_start(): Ignoring session_start() because a session is already active on line 22 in file C:\xampp\htdocs\hesabpars\index.php
2025-05-01 19:16:03 Error [2] require_once(pages/404.php): Failed to open stream: No such file or directory on line 63 in file C:\xampp\htdocs\hesabpars\index.php
2025-05-01 19:16:03 Exception: Failed opening required 'pages/404.php' (include_path='C:\xampp\php\PEAR') in C:\xampp\htdocs\hesabpars\index.php on line 63
2025-05-01 19:16:03 Error [2] ini_set(): Session ini settings cannot be changed when a session is active on line 192 in file C:\xampp\htdocs\hesabpars\includes\config.php
2025-05-01 19:16:03 Error [2] ini_set(): Session ini settings cannot be changed when a session is active on line 193 in file C:\xampp\htdocs\hesabpars\includes\config.php
2025-05-01 19:16:03 Error [2] ini_set(): Session ini settings cannot be changed when a session is active on line 194 in file C:\xampp\htdocs\hesabpars\includes\config.php
2025-05-01 19:16:03 Error [2] ini_set(): Session ini settings cannot be changed when a session is active on line 195 in file C:\xampp\htdocs\hesabpars\includes\config.php
2025-05-01 19:16:03 Error [2] ini_set(): Session ini settings cannot be changed when a session is active on line 196 in file C:\xampp\htdocs\hesabpars\includes\config.php
2025-05-01 19:16:03 Error [8] session_start(): Ignoring session_start() because a session is already active on line 22 in file C:\xampp\htdocs\hesabpars\index.php
2025-05-01 19:16:03 Error [2] require_once(pages/404.php): Failed to open stream: No such file or directory on line 63 in file C:\xampp\htdocs\hesabpars\index.php
2025-05-01 19:16:03 Exception: Failed opening required 'pages/404.php' (include_path='C:\xampp\php\PEAR') in C:\xampp\htdocs\hesabpars\index.php on line 63
2025-05-01 19:16:03 Error [2] ini_set(): Session ini settings cannot be changed when a session is active on line 192 in file C:\xampp\htdocs\hesabpars\includes\config.php
2025-05-01 19:16:03 Error [2] ini_set(): Session ini settings cannot be changed when a session is active on line 193 in file C:\xampp\htdocs\hesabpars\includes\config.php
2025-05-01 19:16:03 Error [2] ini_set(): Session ini settings cannot be changed when a session is active on line 194 in file C:\xampp\htdocs\hesabpars\includes\config.php
2025-05-01 19:16:03 Error [2] ini_set(): Session ini settings cannot be changed when a session is active on line 195 in file C:\xampp\htdocs\hesabpars\includes\config.php
2025-05-01 19:16:03 Error [2] ini_set(): Session ini settings cannot be changed when a session is active on line 196 in file C:\xampp\htdocs\hesabpars\includes\config.php
2025-05-01 19:16:03 Error [8] session_start(): Ignoring session_start() because a session is already active on line 22 in file C:\xampp\htdocs\hesabpars\index.php
2025-05-01 19:16:03 Error [2] require_once(pages/404.php): Failed to open stream: No such file or directory on line 63 in file C:\xampp\htdocs\hesabpars\index.php
2025-05-01 19:16:03 Exception: Failed opening required 'pages/404.php' (include_path='C:\xampp\php\PEAR') in C:\xampp\htdocs\hesabpars\index.php on line 63
2025-05-01 19:16:03 Error [2] ini_set(): Session ini settings cannot be changed when a session is active on line 192 in file C:\xampp\htdocs\hesabpars\includes\config.php
2025-05-01 19:16:03 Error [2] ini_set(): Session ini settings cannot be changed when a session is active on line 193 in file C:\xampp\htdocs\hesabpars\includes\config.php
2025-05-01 19:16:03 Error [2] ini_set(): Session ini settings cannot be changed when a session is active on line 194 in file C:\xampp\htdocs\hesabpars\includes\config.php
2025-05-01 19:16:03 Error [2] ini_set(): Session ini settings cannot be changed when a session is active on line 195 in file C:\xampp\htdocs\hesabpars\includes\config.php
2025-05-01 19:16:03 Error [2] ini_set(): Session ini settings cannot be changed when a session is active on line 196 in file C:\xampp\htdocs\hesabpars\includes\config.php
2025-05-01 19:16:03 Error [8] session_start(): Ignoring session_start() because a session is already active on line 22 in file C:\xampp\htdocs\hesabpars\index.php
2025-05-01 19:16:03 Error [2] require_once(pages/404.php): Failed to open stream: No such file or directory on line 63 in file C:\xampp\htdocs\hesabpars\index.php
2025-05-01 19:16:03 Exception: Failed opening required 'pages/404.php' (include_path='C:\xampp\php\PEAR') in C:\xampp\htdocs\hesabpars\index.php on line 63
2025-05-01 19:16:03 Error [2] ini_set(): Session ini settings cannot be changed when a session is active on line 192 in file C:\xampp\htdocs\hesabpars\includes\config.php
2025-05-01 19:16:03 Error [2] ini_set(): Session ini settings cannot be changed when a session is active on line 193 in file C:\xampp\htdocs\hesabpars\includes\config.php
2025-05-01 19:16:03 Error [2] ini_set(): Session ini settings cannot be changed when a session is active on line 194 in file C:\xampp\htdocs\hesabpars\includes\config.php
2025-05-01 19:16:03 Error [2] ini_set(): Session ini settings cannot be changed when a session is active on line 195 in file C:\xampp\htdocs\hesabpars\includes\config.php
2025-05-01 19:16:03 Error [2] ini_set(): Session ini settings cannot be changed when a session is active on line 196 in file C:\xampp\htdocs\hesabpars\includes\config.php
2025-05-01 19:16:03 Error [8] session_start(): Ignoring session_start() because a session is already active on line 22 in file C:\xampp\htdocs\hesabpars\index.php
2025-05-01 19:16:03 Error [2] require_once(pages/404.php): Failed to open stream: No such file or directory on line 63 in file C:\xampp\htdocs\hesabpars\index.php
2025-05-01 19:16:03 Exception: Failed opening required 'pages/404.php' (include_path='C:\xampp\php\PEAR') in C:\xampp\htdocs\hesabpars\index.php on line 63
2025-05-01 19:16:03 Error [2] ini_set(): Session ini settings cannot be changed when a session is active on line 192 in file C:\xampp\htdocs\hesabpars\includes\config.php
2025-05-01 19:16:03 Error [2] ini_set(): Session ini settings cannot be changed when a session is active on line 193 in file C:\xampp\htdocs\hesabpars\includes\config.php
2025-05-01 19:16:03 Error [2] ini_set(): Session ini settings cannot be changed when a session is active on line 194 in file C:\xampp\htdocs\hesabpars\includes\config.php
2025-05-01 19:16:03 Error [2] ini_set(): Session ini settings cannot be changed when a session is active on line 195 in file C:\xampp\htdocs\hesabpars\includes\config.php
2025-05-01 19:16:03 Error [2] ini_set(): Session ini settings cannot be changed when a session is active on line 196 in file C:\xampp\htdocs\hesabpars\includes\config.php
2025-05-01 19:16:03 Error [8] session_start(): Ignoring session_start() because a session is already active on line 22 in file C:\xampp\htdocs\hesabpars\index.php
2025-05-01 19:16:03 Error [2] require_once(pages/404.php): Failed to open stream: No such file or directory on line 63 in file C:\xampp\htdocs\hesabpars\index.php
2025-05-01 19:16:03 Exception: Failed opening required 'pages/404.php' (include_path='C:\xampp\php\PEAR') in C:\xampp\htdocs\hesabpars\index.php on line 63
2025-05-01 19:16:03 Error [2] ini_set(): Session ini settings cannot be changed when a session is active on line 192 in file C:\xampp\htdocs\hesabpars\includes\config.php
2025-05-01 19:16:03 Error [2] ini_set(): Session ini settings cannot be changed when a session is active on line 193 in file C:\xampp\htdocs\hesabpars\includes\config.php
2025-05-01 19:16:03 Error [2] ini_set(): Session ini settings cannot be changed when a session is active on line 194 in file C:\xampp\htdocs\hesabpars\includes\config.php
2025-05-01 19:16:03 Error [2] ini_set(): Session ini settings cannot be changed when a session is active on line 195 in file C:\xampp\htdocs\hesabpars\includes\config.php
2025-05-01 19:16:03 Error [2] ini_set(): Session ini settings cannot be changed when a session is active on line 196 in file C:\xampp\htdocs\hesabpars\includes\config.php
2025-05-01 19:16:03 Error [8] session_start(): Ignoring session_start() because a session is already active on line 22 in file C:\xampp\htdocs\hesabpars\index.php
2025-05-01 19:16:03 Error [2] require_once(pages/404.php): Failed to open stream: No such file or directory on line 63 in file C:\xampp\htdocs\hesabpars\index.php
2025-05-01 19:16:03 Exception: Failed opening required 'pages/404.php' (include_path='C:\xampp\php\PEAR') in C:\xampp\htdocs\hesabpars\index.php on line 63
2025-05-01 19:16:03 Error [2] ini_set(): Session ini settings cannot be changed when a session is active on line 192 in file C:\xampp\htdocs\hesabpars\includes\config.php
2025-05-01 19:16:03 Error [2] ini_set(): Session ini settings cannot be changed when a session is active on line 193 in file C:\xampp\htdocs\hesabpars\includes\config.php
2025-05-01 19:16:03 Error [2] ini_set(): Session ini settings cannot be changed when a session is active on line 194 in file C:\xampp\htdocs\hesabpars\includes\config.php
2025-05-01 19:16:03 Error [2] ini_set(): Session ini settings cannot be changed when a session is active on line 195 in file C:\xampp\htdocs\hesabpars\includes\config.php
2025-05-01 19:16:03 Error [2] ini_set(): Session ini settings cannot be changed when a session is active on line 196 in file C:\xampp\htdocs\hesabpars\includes\config.php
2025-05-01 19:16:03 Error [8] session_start(): Ignoring session_start() because a session is already active on line 22 in file C:\xampp\htdocs\hesabpars\index.php
2025-05-01 19:16:03 Error [2] require_once(pages/404.php): Failed to open stream: No such file or directory on line 63 in file C:\xampp\htdocs\hesabpars\index.php
2025-05-01 19:16:03 Exception: Failed opening required 'pages/404.php' (include_path='C:\xampp\php\PEAR') in C:\xampp\htdocs\hesabpars\index.php on line 63
2025-05-01 19:16:03 Error [2] ini_set(): Session ini settings cannot be changed when a session is active on line 192 in file C:\xampp\htdocs\hesabpars\includes\config.php
2025-05-01 19:16:03 Error [2] ini_set(): Session ini settings cannot be changed when a session is active on line 193 in file C:\xampp\htdocs\hesabpars\includes\config.php
2025-05-01 19:16:03 Error [2] ini_set(): Session ini settings cannot be changed when a session is active on line 194 in file C:\xampp\htdocs\hesabpars\includes\config.php
2025-05-01 19:16:03 Error [2] ini_set(): Session ini settings cannot be changed when a session is active on line 195 in file C:\xampp\htdocs\hesabpars\includes\config.php
2025-05-01 19:16:03 Error [2] ini_set(): Session ini settings cannot be changed when a session is active on line 196 in file C:\xampp\htdocs\hesabpars\includes\config.php
2025-05-01 19:16:03 Error [8] session_start(): Ignoring session_start() because a session is already active on line 22 in file C:\xampp\htdocs\hesabpars\index.php
2025-05-01 19:16:03 Error [2] require_once(pages/404.php): Failed to open stream: No such file or directory on line 63 in file C:\xampp\htdocs\hesabpars\index.php
2025-05-01 19:16:03 Exception: Failed opening required 'pages/404.php' (include_path='C:\xampp\php\PEAR') in C:\xampp\htdocs\hesabpars\index.php on line 63
2025-05-01 19:16:03 Error [2] ini_set(): Session ini settings cannot be changed when a session is active on line 192 in file C:\xampp\htdocs\hesabpars\includes\config.php
2025-05-01 19:16:03 Error [2] ini_set(): Session ini settings cannot be changed when a session is active on line 193 in file C:\xampp\htdocs\hesabpars\includes\config.php
2025-05-01 19:16:03 Error [2] ini_set(): Session ini settings cannot be changed when a session is active on line 194 in file C:\xampp\htdocs\hesabpars\includes\config.php
2025-05-01 19:16:03 Error [2] ini_set(): Session ini settings cannot be changed when a session is active on line 195 in file C:\xampp\htdocs\hesabpars\includes\config.php
2025-05-01 19:16:03 Error [2] ini_set(): Session ini settings cannot be changed when a session is active on line 196 in file C:\xampp\htdocs\hesabpars\includes\config.php
2025-05-01 19:16:03 Error [8] session_start(): Ignoring session_start() because a session is already active on line 22 in file C:\xampp\htdocs\hesabpars\index.php
2025-05-01 19:16:03 Error [2] require_once(pages/404.php): Failed to open stream: No such file or directory on line 63 in file C:\xampp\htdocs\hesabpars\index.php
2025-05-01 19:16:03 Exception: Failed opening required 'pages/404.php' (include_path='C:\xampp\php\PEAR') in C:\xampp\htdocs\hesabpars\index.php on line 63
2025-05-01 19:16:03 Error [2] ini_set(): Session ini settings cannot be changed when a session is active on line 192 in file C:\xampp\htdocs\hesabpars\includes\config.php
2025-05-01 19:16:03 Error [2] ini_set(): Session ini settings cannot be changed when a session is active on line 193 in file C:\xampp\htdocs\hesabpars\includes\config.php
2025-05-01 19:16:03 Error [2] ini_set(): Session ini settings cannot be changed when a session is active on line 194 in file C:\xampp\htdocs\hesabpars\includes\config.php
2025-05-01 19:16:03 Error [2] ini_set(): Session ini settings cannot be changed when a session is active on line 195 in file C:\xampp\htdocs\hesabpars\includes\config.php
2025-05-01 19:16:03 Error [2] ini_set(): Session ini settings cannot be changed when a session is active on line 196 in file C:\xampp\htdocs\hesabpars\includes\config.php
2025-05-01 19:16:03 Error [8] session_start(): Ignoring session_start() because a session is already active on line 22 in file C:\xampp\htdocs\hesabpars\index.php
2025-05-01 19:16:03 Error [2] require_once(pages/404.php): Failed to open stream: No such file or directory on line 63 in file C:\xampp\htdocs\hesabpars\index.php
2025-05-01 19:16:03 Exception: Failed opening required 'pages/404.php' (include_path='C:\xampp\php\PEAR') in C:\xampp\htdocs\hesabpars\index.php on line 63
2025-05-01 19:16:59 Error [2] ini_set(): Session ini settings cannot be changed when a session is active on line 192 in file C:\xampp\htdocs\hesabpars\includes\config.php
2025-05-01 19:16:59 Error [2] ini_set(): Session ini settings cannot be changed when a session is active on line 193 in file C:\xampp\htdocs\hesabpars\includes\config.php
2025-05-01 19:16:59 Error [2] ini_set(): Session ini settings cannot be changed when a session is active on line 194 in file C:\xampp\htdocs\hesabpars\includes\config.php
2025-05-01 19:16:59 Error [2] ini_set(): Session ini settings cannot be changed when a session is active on line 195 in file C:\xampp\htdocs\hesabpars\includes\config.php
2025-05-01 19:16:59 Error [2] ini_set(): Session ini settings cannot be changed when a session is active on line 196 in file C:\xampp\htdocs\hesabpars\includes\config.php
2025-05-01 19:16:59 Error [8] session_start(): Ignoring session_start() because a session is already active on line 22 in file C:\xampp\htdocs\hesabpars\index.php
2025-05-01 19:16:59 Error [2] require_once(pages/404.php): Failed to open stream: No such file or directory on line 63 in file C:\xampp\htdocs\hesabpars\index.php
2025-05-01 19:16:59 Exception: Failed opening required 'pages/404.php' (include_path='C:\xampp\php\PEAR') in C:\xampp\htdocs\hesabpars\index.php on line 63
2025-05-01 19:17:04 Error [2] ini_set(): Session ini settings cannot be changed when a session is active on line 192 in file C:\xampp\htdocs\hesabpars\includes\config.php
2025-05-01 19:17:04 Error [2] ini_set(): Session ini settings cannot be changed when a session is active on line 193 in file C:\xampp\htdocs\hesabpars\includes\config.php
2025-05-01 19:17:04 Error [2] ini_set(): Session ini settings cannot be changed when a session is active on line 194 in file C:\xampp\htdocs\hesabpars\includes\config.php
2025-05-01 19:17:04 Error [2] ini_set(): Session ini settings cannot be changed when a session is active on line 195 in file C:\xampp\htdocs\hesabpars\includes\config.php
2025-05-01 19:17:04 Error [2] ini_set(): Session ini settings cannot be changed when a session is active on line 196 in file C:\xampp\htdocs\hesabpars\includes\config.php
2025-05-01 19:17:04 Error [2] ini_set(): Session ini settings cannot be changed when a session is active on line 192 in file C:\xampp\htdocs\hesabpars\includes\config.php
2025-05-01 19:17:04 Error [2] ini_set(): Session ini settings cannot be changed when a session is active on line 193 in file C:\xampp\htdocs\hesabpars\includes\config.php
2025-05-01 19:17:04 Error [2] ini_set(): Session ini settings cannot be changed when a session is active on line 194 in file C:\xampp\htdocs\hesabpars\includes\config.php
2025-05-01 19:17:04 Error [2] ini_set(): Session ini settings cannot be changed when a session is active on line 195 in file C:\xampp\htdocs\hesabpars\includes\config.php
2025-05-01 19:17:04 Error [2] ini_set(): Session ini settings cannot be changed when a session is active on line 196 in file C:\xampp\htdocs\hesabpars\includes\config.php
2025-05-01 19:17:04 Error [8] session_start(): Ignoring session_start() because a session is already active on line 22 in file C:\xampp\htdocs\hesabpars\index.php
2025-05-01 19:17:04 Error [2] require_once(pages/404.php): Failed to open stream: No such file or directory on line 63 in file C:\xampp\htdocs\hesabpars\index.php
2025-05-01 19:17:04 Exception: Failed opening required 'pages/404.php' (include_path='C:\xampp\php\PEAR') in C:\xampp\htdocs\hesabpars\index.php on line 63
2025-05-01 19:17:04 Error [2] ini_set(): Session ini settings cannot be changed when a session is active on line 192 in file C:\xampp\htdocs\hesabpars\includes\config.php
2025-05-01 19:17:04 Error [2] ini_set(): Session ini settings cannot be changed when a session is active on line 193 in file C:\xampp\htdocs\hesabpars\includes\config.php
2025-05-01 19:17:04 Error [2] ini_set(): Session ini settings cannot be changed when a session is active on line 194 in file C:\xampp\htdocs\hesabpars\includes\config.php
2025-05-01 19:17:04 Error [2] ini_set(): Session ini settings cannot be changed when a session is active on line 195 in file C:\xampp\htdocs\hesabpars\includes\config.php
2025-05-01 19:17:04 Error [2] ini_set(): Session ini settings cannot be changed when a session is active on line 196 in file C:\xampp\htdocs\hesabpars\includes\config.php
2025-05-01 19:17:04 Error [8] session_start(): Ignoring session_start() because a session is already active on line 22 in file C:\xampp\htdocs\hesabpars\index.php
2025-05-01 19:17:04 Error [2] require_once(pages/404.php): Failed to open stream: No such file or directory on line 63 in file C:\xampp\htdocs\hesabpars\index.php
2025-05-01 19:17:04 Exception: Failed opening required 'pages/404.php' (include_path='C:\xampp\php\PEAR') in C:\xampp\htdocs\hesabpars\index.php on line 63
2025-05-01 19:17:04 Error [2] ini_set(): Session ini settings cannot be changed when a session is active on line 192 in file C:\xampp\htdocs\hesabpars\includes\config.php
2025-05-01 19:17:04 Error [2] ini_set(): Session ini settings cannot be changed when a session is active on line 193 in file C:\xampp\htdocs\hesabpars\includes\config.php
2025-05-01 19:17:04 Error [2] ini_set(): Session ini settings cannot be changed when a session is active on line 194 in file C:\xampp\htdocs\hesabpars\includes\config.php
2025-05-01 19:17:04 Error [2] ini_set(): Session ini settings cannot be changed when a session is active on line 195 in file C:\xampp\htdocs\hesabpars\includes\config.php
2025-05-01 19:17:04 Error [2] ini_set(): Session ini settings cannot be changed when a session is active on line 196 in file C:\xampp\htdocs\hesabpars\includes\config.php
2025-05-01 19:17:04 Error [8] session_start(): Ignoring session_start() because a session is already active on line 22 in file C:\xampp\htdocs\hesabpars\index.php
2025-05-01 19:17:04 Error [2] require_once(pages/404.php): Failed to open stream: No such file or directory on line 63 in file C:\xampp\htdocs\hesabpars\index.php
2025-05-01 19:17:04 Exception: Failed opening required 'pages/404.php' (include_path='C:\xampp\php\PEAR') in C:\xampp\htdocs\hesabpars\index.php on line 63
2025-05-01 19:17:04 Error [2] ini_set(): Session ini settings cannot be changed when a session is active on line 192 in file C:\xampp\htdocs\hesabpars\includes\config.php
2025-05-01 19:17:04 Error [2] ini_set(): Session ini settings cannot be changed when a session is active on line 193 in file C:\xampp\htdocs\hesabpars\includes\config.php
2025-05-01 19:17:04 Error [2] ini_set(): Session ini settings cannot be changed when a session is active on line 194 in file C:\xampp\htdocs\hesabpars\includes\config.php
2025-05-01 19:17:04 Error [2] ini_set(): Session ini settings cannot be changed when a session is active on line 195 in file C:\xampp\htdocs\hesabpars\includes\config.php
2025-05-01 19:17:04 Error [2] ini_set(): Session ini settings cannot be changed when a session is active on line 196 in file C:\xampp\htdocs\hesabpars\includes\config.php
2025-05-01 19:17:04 Error [8] session_start(): Ignoring session_start() because a session is already active on line 22 in file C:\xampp\htdocs\hesabpars\index.php
2025-05-01 19:17:04 Error [2] require_once(pages/404.php): Failed to open stream: No such file or directory on line 63 in file C:\xampp\htdocs\hesabpars\index.php
2025-05-01 19:17:04 Exception: Failed opening required 'pages/404.php' (include_path='C:\xampp\php\PEAR') in C:\xampp\htdocs\hesabpars\index.php on line 63
2025-05-01 19:17:04 Error [2] ini_set(): Session ini settings cannot be changed when a session is active on line 192 in file C:\xampp\htdocs\hesabpars\includes\config.php
2025-05-01 19:17:04 Error [2] ini_set(): Session ini settings cannot be changed when a session is active on line 193 in file C:\xampp\htdocs\hesabpars\includes\config.php
2025-05-01 19:17:04 Error [2] ini_set(): Session ini settings cannot be changed when a session is active on line 194 in file C:\xampp\htdocs\hesabpars\includes\config.php
2025-05-01 19:17:04 Error [2] ini_set(): Session ini settings cannot be changed when a session is active on line 195 in file C:\xampp\htdocs\hesabpars\includes\config.php
2025-05-01 19:17:04 Error [2] ini_set(): Session ini settings cannot be changed when a session is active on line 196 in file C:\xampp\htdocs\hesabpars\includes\config.php
2025-05-01 19:17:04 Error [8] session_start(): Ignoring session_start() because a session is already active on line 22 in file C:\xampp\htdocs\hesabpars\index.php
2025-05-01 19:17:04 Error [2] require_once(pages/404.php): Failed to open stream: No such file or directory on line 63 in file C:\xampp\htdocs\hesabpars\index.php
2025-05-01 19:17:04 Exception: Failed opening required 'pages/404.php' (include_path='C:\xampp\php\PEAR') in C:\xampp\htdocs\hesabpars\index.php on line 63
2025-05-01 19:17:04 Error [2] ini_set(): Session ini settings cannot be changed when a session is active on line 192 in file C:\xampp\htdocs\hesabpars\includes\config.php
2025-05-01 19:17:04 Error [2] ini_set(): Session ini settings cannot be changed when a session is active on line 193 in file C:\xampp\htdocs\hesabpars\includes\config.php
2025-05-01 19:17:04 Error [2] ini_set(): Session ini settings cannot be changed when a session is active on line 194 in file C:\xampp\htdocs\hesabpars\includes\config.php
2025-05-01 19:17:04 Error [2] ini_set(): Session ini settings cannot be changed when a session is active on line 195 in file C:\xampp\htdocs\hesabpars\includes\config.php
2025-05-01 19:17:04 Error [2] ini_set(): Session ini settings cannot be changed when a session is active on line 196 in file C:\xampp\htdocs\hesabpars\includes\config.php
2025-05-01 19:17:04 Error [8] session_start(): Ignoring session_start() because a session is already active on line 22 in file C:\xampp\htdocs\hesabpars\index.php
2025-05-01 19:17:04 Error [2] require_once(pages/404.php): Failed to open stream: No such file or directory on line 63 in file C:\xampp\htdocs\hesabpars\index.php
2025-05-01 19:17:04 Exception: Failed opening required 'pages/404.php' (include_path='C:\xampp\php\PEAR') in C:\xampp\htdocs\hesabpars\index.php on line 63
2025-05-01 19:17:04 Error [2] ini_set(): Session ini settings cannot be changed when a session is active on line 192 in file C:\xampp\htdocs\hesabpars\includes\config.php
2025-05-01 19:17:04 Error [2] ini_set(): Session ini settings cannot be changed when a session is active on line 193 in file C:\xampp\htdocs\hesabpars\includes\config.php
2025-05-01 19:17:04 Error [2] ini_set(): Session ini settings cannot be changed when a session is active on line 194 in file C:\xampp\htdocs\hesabpars\includes\config.php
2025-05-01 19:17:04 Error [2] ini_set(): Session ini settings cannot be changed when a session is active on line 195 in file C:\xampp\htdocs\hesabpars\includes\config.php
2025-05-01 19:17:04 Error [2] ini_set(): Session ini settings cannot be changed when a session is active on line 196 in file C:\xampp\htdocs\hesabpars\includes\config.php
2025-05-01 19:17:04 Error [8] session_start(): Ignoring session_start() because a session is already active on line 22 in file C:\xampp\htdocs\hesabpars\index.php
2025-05-01 19:17:04 Error [2] require_once(pages/404.php): Failed to open stream: No such file or directory on line 63 in file C:\xampp\htdocs\hesabpars\index.php
2025-05-01 19:17:04 Exception: Failed opening required 'pages/404.php' (include_path='C:\xampp\php\PEAR') in C:\xampp\htdocs\hesabpars\index.php on line 63
2025-05-01 19:17:04 Error [2] ini_set(): Session ini settings cannot be changed when a session is active on line 192 in file C:\xampp\htdocs\hesabpars\includes\config.php
2025-05-01 19:17:04 Error [2] ini_set(): Session ini settings cannot be changed when a session is active on line 193 in file C:\xampp\htdocs\hesabpars\includes\config.php
2025-05-01 19:17:04 Error [2] ini_set(): Session ini settings cannot be changed when a session is active on line 194 in file C:\xampp\htdocs\hesabpars\includes\config.php
2025-05-01 19:17:04 Error [2] ini_set(): Session ini settings cannot be changed when a session is active on line 195 in file C:\xampp\htdocs\hesabpars\includes\config.php
2025-05-01 19:17:04 Error [2] ini_set(): Session ini settings cannot be changed when a session is active on line 196 in file C:\xampp\htdocs\hesabpars\includes\config.php
2025-05-01 19:17:04 Error [8] session_start(): Ignoring session_start() because a session is already active on line 22 in file C:\xampp\htdocs\hesabpars\index.php
2025-05-01 19:17:04 Error [2] require_once(pages/404.php): Failed to open stream: No such file or directory on line 63 in file C:\xampp\htdocs\hesabpars\index.php
2025-05-01 19:17:04 Exception: Failed opening required 'pages/404.php' (include_path='C:\xampp\php\PEAR') in C:\xampp\htdocs\hesabpars\index.php on line 63
2025-05-01 19:17:04 Error [2] ini_set(): Session ini settings cannot be changed when a session is active on line 192 in file C:\xampp\htdocs\hesabpars\includes\config.php
2025-05-01 19:17:04 Error [2] ini_set(): Session ini settings cannot be changed when a session is active on line 193 in file C:\xampp\htdocs\hesabpars\includes\config.php
2025-05-01 19:17:04 Error [2] ini_set(): Session ini settings cannot be changed when a session is active on line 194 in file C:\xampp\htdocs\hesabpars\includes\config.php
2025-05-01 19:17:04 Error [2] ini_set(): Session ini settings cannot be changed when a session is active on line 195 in file C:\xampp\htdocs\hesabpars\includes\config.php
2025-05-01 19:17:04 Error [2] ini_set(): Session ini settings cannot be changed when a session is active on line 196 in file C:\xampp\htdocs\hesabpars\includes\config.php
2025-05-01 19:17:04 Error [8] session_start(): Ignoring session_start() because a session is already active on line 22 in file C:\xampp\htdocs\hesabpars\index.php
2025-05-01 19:17:04 Error [2] require_once(pages/404.php): Failed to open stream: No such file or directory on line 63 in file C:\xampp\htdocs\hesabpars\index.php
2025-05-01 19:17:04 Exception: Failed opening required 'pages/404.php' (include_path='C:\xampp\php\PEAR') in C:\xampp\htdocs\hesabpars\index.php on line 63
2025-05-01 19:17:04 Error [2] ini_set(): Session ini settings cannot be changed when a session is active on line 192 in file C:\xampp\htdocs\hesabpars\includes\config.php
2025-05-01 19:17:04 Error [2] ini_set(): Session ini settings cannot be changed when a session is active on line 193 in file C:\xampp\htdocs\hesabpars\includes\config.php
2025-05-01 19:17:04 Error [2] ini_set(): Session ini settings cannot be changed when a session is active on line 194 in file C:\xampp\htdocs\hesabpars\includes\config.php
2025-05-01 19:17:04 Error [2] ini_set(): Session ini settings cannot be changed when a session is active on line 195 in file C:\xampp\htdocs\hesabpars\includes\config.php
2025-05-01 19:17:04 Error [2] ini_set(): Session ini settings cannot be changed when a session is active on line 196 in file C:\xampp\htdocs\hesabpars\includes\config.php
2025-05-01 19:17:04 Error [8] session_start(): Ignoring session_start() because a session is already active on line 22 in file C:\xampp\htdocs\hesabpars\index.php
2025-05-01 19:17:04 Error [2] require_once(pages/404.php): Failed to open stream: No such file or directory on line 63 in file C:\xampp\htdocs\hesabpars\index.php
2025-05-01 19:17:04 Exception: Failed opening required 'pages/404.php' (include_path='C:\xampp\php\PEAR') in C:\xampp\htdocs\hesabpars\index.php on line 63
2025-05-01 19:17:04 Error [2] ini_set(): Session ini settings cannot be changed when a session is active on line 192 in file C:\xampp\htdocs\hesabpars\includes\config.php
2025-05-01 19:17:04 Error [2] ini_set(): Session ini settings cannot be changed when a session is active on line 193 in file C:\xampp\htdocs\hesabpars\includes\config.php
2025-05-01 19:17:04 Error [2] ini_set(): Session ini settings cannot be changed when a session is active on line 194 in file C:\xampp\htdocs\hesabpars\includes\config.php
2025-05-01 19:17:04 Error [2] ini_set(): Session ini settings cannot be changed when a session is active on line 195 in file C:\xampp\htdocs\hesabpars\includes\config.php
2025-05-01 19:17:04 Error [2] ini_set(): Session ini settings cannot be changed when a session is active on line 196 in file C:\xampp\htdocs\hesabpars\includes\config.php
2025-05-01 19:17:04 Error [8] session_start(): Ignoring session_start() because a session is already active on line 22 in file C:\xampp\htdocs\hesabpars\index.php
2025-05-01 19:17:04 Error [2] require_once(pages/404.php): Failed to open stream: No such file or directory on line 63 in file C:\xampp\htdocs\hesabpars\index.php
2025-05-01 19:17:04 Exception: Failed opening required 'pages/404.php' (include_path='C:\xampp\php\PEAR') in C:\xampp\htdocs\hesabpars\index.php on line 63
2025-05-01 19:17:04 Error [2] ini_set(): Session ini settings cannot be changed when a session is active on line 192 in file C:\xampp\htdocs\hesabpars\includes\config.php
2025-05-01 19:17:04 Error [2] ini_set(): Session ini settings cannot be changed when a session is active on line 193 in file C:\xampp\htdocs\hesabpars\includes\config.php
2025-05-01 19:17:04 Error [2] ini_set(): Session ini settings cannot be changed when a session is active on line 194 in file C:\xampp\htdocs\hesabpars\includes\config.php
2025-05-01 19:17:04 Error [2] ini_set(): Session ini settings cannot be changed when a session is active on line 195 in file C:\xampp\htdocs\hesabpars\includes\config.php
2025-05-01 19:17:04 Error [2] ini_set(): Session ini settings cannot be changed when a session is active on line 196 in file C:\xampp\htdocs\hesabpars\includes\config.php
2025-05-01 19:17:04 Error [8] session_start(): Ignoring session_start() because a session is already active on line 22 in file C:\xampp\htdocs\hesabpars\index.php
2025-05-01 19:17:04 Error [2] require_once(pages/404.php): Failed to open stream: No such file or directory on line 63 in file C:\xampp\htdocs\hesabpars\index.php
2025-05-01 19:17:04 Exception: Failed opening required 'pages/404.php' (include_path='C:\xampp\php\PEAR') in C:\xampp\htdocs\hesabpars\index.php on line 63
2025-05-01 19:17:04 Error [2] ini_set(): Session ini settings cannot be changed when a session is active on line 192 in file C:\xampp\htdocs\hesabpars\includes\config.php
2025-05-01 19:17:04 Error [2] ini_set(): Session ini settings cannot be changed when a session is active on line 193 in file C:\xampp\htdocs\hesabpars\includes\config.php
2025-05-01 19:17:04 Error [2] ini_set(): Session ini settings cannot be changed when a session is active on line 194 in file C:\xampp\htdocs\hesabpars\includes\config.php
2025-05-01 19:17:04 Error [2] ini_set(): Session ini settings cannot be changed when a session is active on line 195 in file C:\xampp\htdocs\hesabpars\includes\config.php
2025-05-01 19:17:04 Error [2] ini_set(): Session ini settings cannot be changed when a session is active on line 196 in file C:\xampp\htdocs\hesabpars\includes\config.php
2025-05-01 19:17:04 Error [8] session_start(): Ignoring session_start() because a session is already active on line 22 in file C:\xampp\htdocs\hesabpars\index.php
2025-05-01 19:17:04 Error [2] require_once(pages/404.php): Failed to open stream: No such file or directory on line 63 in file C:\xampp\htdocs\hesabpars\index.php
2025-05-01 19:17:04 Exception: Failed opening required 'pages/404.php' (include_path='C:\xampp\php\PEAR') in C:\xampp\htdocs\hesabpars\index.php on line 63
2025-05-01 19:17:04 Error [2] ini_set(): Session ini settings cannot be changed when a session is active on line 192 in file C:\xampp\htdocs\hesabpars\includes\config.php
2025-05-01 19:17:04 Error [2] ini_set(): Session ini settings cannot be changed when a session is active on line 193 in file C:\xampp\htdocs\hesabpars\includes\config.php
2025-05-01 19:17:04 Error [2] ini_set(): Session ini settings cannot be changed when a session is active on line 194 in file C:\xampp\htdocs\hesabpars\includes\config.php
2025-05-01 19:17:04 Error [2] ini_set(): Session ini settings cannot be changed when a session is active on line 195 in file C:\xampp\htdocs\hesabpars\includes\config.php
2025-05-01 19:17:04 Error [2] ini_set(): Session ini settings cannot be changed when a session is active on line 196 in file C:\xampp\htdocs\hesabpars\includes\config.php
2025-05-01 19:17:04 Error [8] session_start(): Ignoring session_start() because a session is already active on line 22 in file C:\xampp\htdocs\hesabpars\index.php
2025-05-01 19:17:04 Error [2] require_once(pages/404.php): Failed to open stream: No such file or directory on line 63 in file C:\xampp\htdocs\hesabpars\index.php
2025-05-01 19:17:04 Exception: Failed opening required 'pages/404.php' (include_path='C:\xampp\php\PEAR') in C:\xampp\htdocs\hesabpars\index.php on line 63
2025-05-01 19:17:04 Error [2] ini_set(): Session ini settings cannot be changed when a session is active on line 192 in file C:\xampp\htdocs\hesabpars\includes\config.php
2025-05-01 19:17:04 Error [2] ini_set(): Session ini settings cannot be changed when a session is active on line 193 in file C:\xampp\htdocs\hesabpars\includes\config.php
2025-05-01 19:17:04 Error [2] ini_set(): Session ini settings cannot be changed when a session is active on line 194 in file C:\xampp\htdocs\hesabpars\includes\config.php
2025-05-01 19:17:04 Error [2] ini_set(): Session ini settings cannot be changed when a session is active on line 195 in file C:\xampp\htdocs\hesabpars\includes\config.php
2025-05-01 19:17:04 Error [2] ini_set(): Session ini settings cannot be changed when a session is active on line 196 in file C:\xampp\htdocs\hesabpars\includes\config.php
2025-05-01 19:17:04 Error [8] session_start(): Ignoring session_start() because a session is already active on line 22 in file C:\xampp\htdocs\hesabpars\index.php
2025-05-01 19:17:04 Error [2] require_once(pages/404.php): Failed to open stream: No such file or directory on line 63 in file C:\xampp\htdocs\hesabpars\index.php
2025-05-01 19:17:04 Exception: Failed opening required 'pages/404.php' (include_path='C:\xampp\php\PEAR') in C:\xampp\htdocs\hesabpars\index.php on line 63
2025-05-01 19:17:04 Error [2] ini_set(): Session ini settings cannot be changed when a session is active on line 192 in file C:\xampp\htdocs\hesabpars\includes\config.php
2025-05-01 19:17:04 Error [2] ini_set(): Session ini settings cannot be changed when a session is active on line 193 in file C:\xampp\htdocs\hesabpars\includes\config.php
2025-05-01 19:17:04 Error [2] ini_set(): Session ini settings cannot be changed when a session is active on line 194 in file C:\xampp\htdocs\hesabpars\includes\config.php
2025-05-01 19:17:04 Error [2] ini_set(): Session ini settings cannot be changed when a session is active on line 195 in file C:\xampp\htdocs\hesabpars\includes\config.php
2025-05-01 19:17:04 Error [2] ini_set(): Session ini settings cannot be changed when a session is active on line 196 in file C:\xampp\htdocs\hesabpars\includes\config.php
2025-05-01 19:17:04 Error [8] session_start(): Ignoring session_start() because a session is already active on line 22 in file C:\xampp\htdocs\hesabpars\index.php
2025-05-01 19:17:04 Error [2] require_once(pages/404.php): Failed to open stream: No such file or directory on line 63 in file C:\xampp\htdocs\hesabpars\index.php
2025-05-01 19:17:04 Exception: Failed opening required 'pages/404.php' (include_path='C:\xampp\php\PEAR') in C:\xampp\htdocs\hesabpars\index.php on line 63
2025-05-01 19:17:04 Error [2] ini_set(): Session ini settings cannot be changed when a session is active on line 192 in file C:\xampp\htdocs\hesabpars\includes\config.php
2025-05-01 19:17:04 Error [2] ini_set(): Session ini settings cannot be changed when a session is active on line 193 in file C:\xampp\htdocs\hesabpars\includes\config.php
2025-05-01 19:17:04 Error [2] ini_set(): Session ini settings cannot be changed when a session is active on line 194 in file C:\xampp\htdocs\hesabpars\includes\config.php
2025-05-01 19:17:04 Error [2] ini_set(): Session ini settings cannot be changed when a session is active on line 195 in file C:\xampp\htdocs\hesabpars\includes\config.php
2025-05-01 19:17:04 Error [2] ini_set(): Session ini settings cannot be changed when a session is active on line 196 in file C:\xampp\htdocs\hesabpars\includes\config.php
2025-05-01 19:17:04 Error [8] session_start(): Ignoring session_start() because a session is already active on line 22 in file C:\xampp\htdocs\hesabpars\index.php
2025-05-01 19:17:04 Error [2] require_once(pages/404.php): Failed to open stream: No such file or directory on line 63 in file C:\xampp\htdocs\hesabpars\index.php
2025-05-01 19:17:04 Exception: Failed opening required 'pages/404.php' (include_path='C:\xampp\php\PEAR') in C:\xampp\htdocs\hesabpars\index.php on line 63
2025-05-01 19:17:06 Error [2] ini_set(): Session ini settings cannot be changed when a session is active on line 192 in file C:\xampp\htdocs\hesabpars\includes\config.php
2025-05-01 19:17:06 Error [2] ini_set(): Session ini settings cannot be changed when a session is active on line 193 in file C:\xampp\htdocs\hesabpars\includes\config.php
2025-05-01 19:17:06 Error [2] ini_set(): Session ini settings cannot be changed when a session is active on line 194 in file C:\xampp\htdocs\hesabpars\includes\config.php
2025-05-01 19:17:06 Error [2] ini_set(): Session ini settings cannot be changed when a session is active on line 195 in file C:\xampp\htdocs\hesabpars\includes\config.php
2025-05-01 19:17:06 Error [2] ini_set(): Session ini settings cannot be changed when a session is active on line 196 in file C:\xampp\htdocs\hesabpars\includes\config.php
2025-05-01 19:17:06 Error [8] session_start(): Ignoring session_start() because a session is already active on line 22 in file C:\xampp\htdocs\hesabpars\index.php
2025-05-01 19:17:06 Error [2] require_once(pages/404.php): Failed to open stream: No such file or directory on line 63 in file C:\xampp\htdocs\hesabpars\index.php
2025-05-01 19:17:06 Exception: Failed opening required 'pages/404.php' (include_path='C:\xampp\php\PEAR') in C:\xampp\htdocs\hesabpars\index.php on line 63
2025-05-01 19:17:08 Error [2] ini_set(): Session ini settings cannot be changed when a session is active on line 192 in file C:\xampp\htdocs\hesabpars\includes\config.php
2025-05-01 19:17:08 Error [2] ini_set(): Session ini settings cannot be changed when a session is active on line 193 in file C:\xampp\htdocs\hesabpars\includes\config.php
2025-05-01 19:17:08 Error [2] ini_set(): Session ini settings cannot be changed when a session is active on line 194 in file C:\xampp\htdocs\hesabpars\includes\config.php
2025-05-01 19:17:08 Error [2] ini_set(): Session ini settings cannot be changed when a session is active on line 195 in file C:\xampp\htdocs\hesabpars\includes\config.php
2025-05-01 19:17:08 Error [2] ini_set(): Session ini settings cannot be changed when a session is active on line 196 in file C:\xampp\htdocs\hesabpars\includes\config.php
2025-05-01 19:17:08 Error [8] session_start(): Ignoring session_start() because a session is already active on line 22 in file C:\xampp\htdocs\hesabpars\index.php
2025-05-01 19:17:08 Error [2] require_once(pages/404.php): Failed to open stream: No such file or directory on line 63 in file C:\xampp\htdocs\hesabpars\index.php
2025-05-01 19:17:08 Exception: Failed opening required 'pages/404.php' (include_path='C:\xampp\php\PEAR') in C:\xampp\htdocs\hesabpars\index.php on line 63
2025-05-01 19:17:08 Error [2] ini_set(): Session ini settings cannot be changed when a session is active on line 192 in file C:\xampp\htdocs\hesabpars\includes\config.php
2025-05-01 19:17:08 Error [2] ini_set(): Session ini settings cannot be changed when a session is active on line 193 in file C:\xampp\htdocs\hesabpars\includes\config.php
2025-05-01 19:17:08 Error [2] ini_set(): Session ini settings cannot be changed when a session is active on line 194 in file C:\xampp\htdocs\hesabpars\includes\config.php
2025-05-01 19:17:08 Error [2] ini_set(): Session ini settings cannot be changed when a session is active on line 195 in file C:\xampp\htdocs\hesabpars\includes\config.php
2025-05-01 19:17:08 Error [2] ini_set(): Session ini settings cannot be changed when a session is active on line 196 in file C:\xampp\htdocs\hesabpars\includes\config.php
2025-05-01 19:17:08 Error [8] session_start(): Ignoring session_start() because a session is already active on line 22 in file C:\xampp\htdocs\hesabpars\index.php
2025-05-01 19:17:08 Error [2] require_once(pages/404.php): Failed to open stream: No such file or directory on line 63 in file C:\xampp\htdocs\hesabpars\index.php
2025-05-01 19:17:08 Exception: Failed opening required 'pages/404.php' (include_path='C:\xampp\php\PEAR') in C:\xampp\htdocs\hesabpars\index.php on line 63
2025-05-01 19:17:08 Error [2] ini_set(): Session ini settings cannot be changed when a session is active on line 192 in file C:\xampp\htdocs\hesabpars\includes\config.php
2025-05-01 19:17:08 Error [2] ini_set(): Session ini settings cannot be changed when a session is active on line 193 in file C:\xampp\htdocs\hesabpars\includes\config.php
2025-05-01 19:17:08 Error [2] ini_set(): Session ini settings cannot be changed when a session is active on line 194 in file C:\xampp\htdocs\hesabpars\includes\config.php
2025-05-01 19:17:08 Error [2] ini_set(): Session ini settings cannot be changed when a session is active on line 195 in file C:\xampp\htdocs\hesabpars\includes\config.php
2025-05-01 19:17:08 Error [2] ini_set(): Session ini settings cannot be changed when a session is active on line 196 in file C:\xampp\htdocs\hesabpars\includes\config.php
2025-05-01 19:17:08 Error [8] session_start(): Ignoring session_start() because a session is already active on line 22 in file C:\xampp\htdocs\hesabpars\index.php
2025-05-01 19:17:08 Error [2] require_once(pages/404.php): Failed to open stream: No such file or directory on line 63 in file C:\xampp\htdocs\hesabpars\index.php
2025-05-01 19:17:08 Exception: Failed opening required 'pages/404.php' (include_path='C:\xampp\php\PEAR') in C:\xampp\htdocs\hesabpars\index.php on line 63
2025-05-01 19:17:08 Error [2] ini_set(): Session ini settings cannot be changed when a session is active on line 192 in file C:\xampp\htdocs\hesabpars\includes\config.php
2025-05-01 19:17:08 Error [2] ini_set(): Session ini settings cannot be changed when a session is active on line 193 in file C:\xampp\htdocs\hesabpars\includes\config.php
2025-05-01 19:17:08 Error [2] ini_set(): Session ini settings cannot be changed when a session is active on line 194 in file C:\xampp\htdocs\hesabpars\includes\config.php
2025-05-01 19:17:08 Error [2] ini_set(): Session ini settings cannot be changed when a session is active on line 195 in file C:\xampp\htdocs\hesabpars\includes\config.php
2025-05-01 19:17:08 Error [2] ini_set(): Session ini settings cannot be changed when a session is active on line 196 in file C:\xampp\htdocs\hesabpars\includes\config.php
2025-05-01 19:17:08 Error [8] session_start(): Ignoring session_start() because a session is already active on line 22 in file C:\xampp\htdocs\hesabpars\index.php
2025-05-01 19:17:08 Error [2] require_once(pages/404.php): Failed to open stream: No such file or directory on line 63 in file C:\xampp\htdocs\hesabpars\index.php
2025-05-01 19:17:08 Exception: Failed opening required 'pages/404.php' (include_path='C:\xampp\php\PEAR') in C:\xampp\htdocs\hesabpars\index.php on line 63
2025-05-01 19:17:08 Error [2] ini_set(): Session ini settings cannot be changed when a session is active on line 192 in file C:\xampp\htdocs\hesabpars\includes\config.php
2025-05-01 19:17:08 Error [2] ini_set(): Session ini settings cannot be changed when a session is active on line 193 in file C:\xampp\htdocs\hesabpars\includes\config.php
2025-05-01 19:17:08 Error [2] ini_set(): Session ini settings cannot be changed when a session is active on line 194 in file C:\xampp\htdocs\hesabpars\includes\config.php
2025-05-01 19:17:08 Error [2] ini_set(): Session ini settings cannot be changed when a session is active on line 195 in file C:\xampp\htdocs\hesabpars\includes\config.php
2025-05-01 19:17:08 Error [2] ini_set(): Session ini settings cannot be changed when a session is active on line 196 in file C:\xampp\htdocs\hesabpars\includes\config.php
2025-05-01 19:17:08 Error [8] session_start(): Ignoring session_start() because a session is already active on line 22 in file C:\xampp\htdocs\hesabpars\index.php
2025-05-01 19:17:08 Error [2] require_once(pages/404.php): Failed to open stream: No such file or directory on line 63 in file C:\xampp\htdocs\hesabpars\index.php
2025-05-01 19:17:08 Exception: Failed opening required 'pages/404.php' (include_path='C:\xampp\php\PEAR') in C:\xampp\htdocs\hesabpars\index.php on line 63
2025-05-01 19:17:09 Error [2] ini_set(): Session ini settings cannot be changed when a session is active on line 192 in file C:\xampp\htdocs\hesabpars\includes\config.php
2025-05-01 19:17:09 Error [2] ini_set(): Session ini settings cannot be changed when a session is active on line 193 in file C:\xampp\htdocs\hesabpars\includes\config.php
2025-05-01 19:17:09 Error [2] ini_set(): Session ini settings cannot be changed when a session is active on line 194 in file C:\xampp\htdocs\hesabpars\includes\config.php
2025-05-01 19:17:09 Error [2] ini_set(): Session ini settings cannot be changed when a session is active on line 195 in file C:\xampp\htdocs\hesabpars\includes\config.php
2025-05-01 19:17:09 Error [2] ini_set(): Session ini settings cannot be changed when a session is active on line 196 in file C:\xampp\htdocs\hesabpars\includes\config.php
2025-05-01 19:17:09 Error [8] session_start(): Ignoring session_start() because a session is already active on line 22 in file C:\xampp\htdocs\hesabpars\index.php
2025-05-01 19:17:09 Error [2] require_once(pages/404.php): Failed to open stream: No such file or directory on line 63 in file C:\xampp\htdocs\hesabpars\index.php
2025-05-01 19:17:09 Exception: Failed opening required 'pages/404.php' (include_path='C:\xampp\php\PEAR') in C:\xampp\htdocs\hesabpars\index.php on line 63
[2025-05-01 19:18:41] Error [2] ini_set(): Session ini settings cannot be changed when a session is active on line 192 in file C:\xampp\htdocs\hesabpars\includes\config.php
[2025-05-01 19:18:41] Error [2] ini_set(): Session ini settings cannot be changed when a session is active on line 193 in file C:\xampp\htdocs\hesabpars\includes\config.php
[2025-05-01 19:18:41] Error [2] ini_set(): Session ini settings cannot be changed when a session is active on line 194 in file C:\xampp\htdocs\hesabpars\includes\config.php
[2025-05-01 19:18:41] Error [2] ini_set(): Session ini settings cannot be changed when a session is active on line 195 in file C:\xampp\htdocs\hesabpars\includes\config.php
[2025-05-01 19:18:41] Error [2] ini_set(): Session ini settings cannot be changed when a session is active on line 196 in file C:\xampp\htdocs\hesabpars\includes\config.php
[2025-05-01 19:18:41] Error [2] ini_set(): Session ini settings cannot be changed when a session is active on line 192 in file C:\xampp\htdocs\hesabpars\includes\config.php
[2025-05-01 19:18:41] Error [2] ini_set(): Session ini settings cannot be changed when a session is active on line 193 in file C:\xampp\htdocs\hesabpars\includes\config.php
[2025-05-01 19:18:41] Error [2] ini_set(): Session ini settings cannot be changed when a session is active on line 194 in file C:\xampp\htdocs\hesabpars\includes\config.php
[2025-05-01 19:18:41] Error [2] ini_set(): Session ini settings cannot be changed when a session is active on line 195 in file C:\xampp\htdocs\hesabpars\includes\config.php
[2025-05-01 19:18:41] Error [2] ini_set(): Session ini settings cannot be changed when a session is active on line 196 in file C:\xampp\htdocs\hesabpars\includes\config.php
[2025-05-01 19:18:41] Error [8] session_start(): Ignoring session_start() because a session is already active on line 22 in file C:\xampp\htdocs\hesabpars\index.php
[2025-05-01 19:32:50] Error [2] ini_set(): Session ini settings cannot be changed when a session is active on line 192 in file C:\xampp\htdocs\hesabpars\includes\config.php
[2025-05-01 19:32:50] Error [2] ini_set(): Session ini settings cannot be changed when a session is active on line 193 in file C:\xampp\htdocs\hesabpars\includes\config.php
[2025-05-01 19:32:50] Error [2] ini_set(): Session ini settings cannot be changed when a session is active on line 194 in file C:\xampp\htdocs\hesabpars\includes\config.php
[2025-05-01 19:32:50] Error [2] ini_set(): Session ini settings cannot be changed when a session is active on line 195 in file C:\xampp\htdocs\hesabpars\includes\config.php
[2025-05-01 19:32:50] Error [2] ini_set(): Session ini settings cannot be changed when a session is active on line 196 in file C:\xampp\htdocs\hesabpars\includes\config.php
[2025-05-01 19:32:50] Error [2] ini_set(): Session ini settings cannot be changed when a session is active on line 192 in file C:\xampp\htdocs\hesabpars\includes\config.php
[2025-05-01 19:32:50] Error [2] ini_set(): Session ini settings cannot be changed when a session is active on line 193 in file C:\xampp\htdocs\hesabpars\includes\config.php
[2025-05-01 19:32:50] Error [2] ini_set(): Session ini settings cannot be changed when a session is active on line 194 in file C:\xampp\htdocs\hesabpars\includes\config.php
[2025-05-01 19:32:50] Error [2] ini_set(): Session ini settings cannot be changed when a session is active on line 195 in file C:\xampp\htdocs\hesabpars\includes\config.php
[2025-05-01 19:32:50] Error [2] ini_set(): Session ini settings cannot be changed when a session is active on line 196 in file C:\xampp\htdocs\hesabpars\includes\config.php
[2025-05-01 19:32:50] Error [8] session_start(): Ignoring session_start() because a session is already active on line 22 in file C:\xampp\htdocs\hesabpars\index.php
[2025-05-01 19:32:57] Error [8] session_start(): Ignoring session_start() because a session is already active on line 22 in file C:\xampp\htdocs\hesabpars\index.php
[2025-05-01 19:32:57] Error [8] session_start(): Ignoring session_start() because a session is already active on line 22 in file C:\xampp\htdocs\hesabpars\index.php
[2025-05-01 19:32:57] Error [2] require_once(../includes/config.php): Failed to open stream: No such file or directory on line 6 in file C:\xampp\htdocs\hesabpars\pages\login.php
